../Core/Src/main.c:129:11:BME280_compensate_T_int32	32	static
../Core/Src/main.c:72:5:main	224	static
../Core/Src/main.c:139:12:BME280_compensate_P_int64	336	static
../Core/Src/main.c:160:12:bme280_compensate_H_int32	24	static
../Core/Src/main.c:246:6:SystemClock_Config	96	static
../Core/Src/main.c:296:13:MX_I2C1_Init	8	static
../Core/Src/main.c:344:13:MX_USART2_UART_Init	8	static
../Core/Src/main.c:377:13:MX_DMA_Init	16	static
../Core/Src/main.c:395:13:MX_GPIO_Init	48	static
../Core/Src/main.c:435:6:Error_Handler	4	static,ignoring_inline_asm
