../Core/Src/main.c:75:5:_write	24	static
../Core/Src/main.c:93:7:update_configuration	24	static
../Core/Src/main.c:88:5:main	16	static
../Core/Src/main.c:104:7:print_data	32	static
../Core/Src/main.c:117:6:acc_example_service_envelope	112	dynamic
../Core/Src/main.c:249:6:SystemClock_Config	96	static
../Core/Src/main.c:299:13:MX_SPI3_Init	8	static
../Core/Src/main.c:339:13:MX_USART2_UART_Init	8	static
../Core/Src/main.c:374:13:MX_GPIO_Init	48	static
../Core/Src/main.c:434:6:Error_Handler	4	static,ignoring_inline_asm
