../Core/Src/main.c:76:5:_write	24	static
../Core/Src/main.c:94:7:update_configuration	24	static
../Core/Src/main.c:89:5:main	16	static
../Core/Src/main.c:103:7:print_data	32	static
../Core/Src/main.c:116:6:acc_example_service_envelope	216	dynamic
../Core/Src/main.c:286:6:SystemClock_Config	96	static
../Core/Src/main.c:336:13:MX_SPI3_Init	8	static
../Core/Src/main.c:376:13:MX_USART2_UART_Init	8	static
../Core/Src/main.c:411:13:MX_GPIO_Init	48	static
../Core/Src/main.c:471:6:Error_Handler	4	static,ignoring_inline_asm
