Archive member included to satisfy reference by file (symbol)

C:\Users\pbuka\TEL320\TEL320\A111\NUCLEO-L476RG_A111\cortex_m4\rss\lib\libacconeer.a(acc_rss.o)
                              ./Core/Src/main.o (acc_rss_activate)
C:\Users\pbuka\TEL320\TEL320\A111\NUCLEO-L476RG_A111\cortex_m4\rss\lib\libacconeer.a(acc_service.o)
                              ./Core/Src/main.o (acc_service_requested_start_set)
C:\Users\pbuka\TEL320\TEL320\A111\NUCLEO-L476RG_A111\cortex_m4\rss\lib\libacconeer.a(acc_service_envelope.o)
                              ./Core/Src/main.o (acc_service_envelope_configuration_create)
C:\Users\pbuka\TEL320\TEL320\A111\NUCLEO-L476RG_A111\cortex_m4\rss\lib\libacconeer.a(acc_service_manager.o)
                              C:\Users\pbuka\TEL320\TEL320\A111\NUCLEO-L476RG_A111\cortex_m4\rss\lib\libacconeer.a(acc_rss.o) (acc_service_manager_activate)
C:\Users\pbuka\TEL320\TEL320\A111\NUCLEO-L476RG_A111\cortex_m4\rss\lib\libacconeer.a(acc_base_configuration.o)
                              C:\Users\pbuka\TEL320\TEL320\A111\NUCLEO-L476RG_A111\cortex_m4\rss\lib\libacconeer.a(acc_service.o) (acc_base_configuration_sensor_get)
C:\Users\pbuka\TEL320\TEL320\A111\NUCLEO-L476RG_A111\cortex_m4\rss\lib\libacconeer.a(acc_rss_integration.o)
                              C:\Users\pbuka\TEL320\TEL320\A111\NUCLEO-L476RG_A111\cortex_m4\rss\lib\libacconeer.a(acc_rss.o) (acc_rss_integration_register)
C:\Users\pbuka\TEL320\TEL320\A111\NUCLEO-L476RG_A111\cortex_m4\rss\lib\libacconeer.a(acc_pipeline_envelope.o)
                              C:\Users\pbuka\TEL320\TEL320\A111\NUCLEO-L476RG_A111\cortex_m4\rss\lib\libacconeer.a(acc_service_envelope.o) (acc_pipeline_envelope_assemble)
C:\Users\pbuka\TEL320\TEL320\A111\NUCLEO-L476RG_A111\cortex_m4\rss\lib\libacconeer.a(acc_radar_engine_linear.o)
                              C:\Users\pbuka\TEL320\TEL320\A111\NUCLEO-L476RG_A111\cortex_m4\rss\lib\libacconeer.a(acc_service_envelope.o) (acc_radar_engine_linear_create)
C:\Users\pbuka\TEL320\TEL320\A111\NUCLEO-L476RG_A111\cortex_m4\rss\lib\libacconeer.a(acc_radar_engine_common.o)
                              C:\Users\pbuka\TEL320\TEL320\A111\NUCLEO-L476RG_A111\cortex_m4\rss\lib\libacconeer.a(acc_radar_engine_linear.o) (acc_radar_engine_common_get_timeout_ms)
C:\Users\pbuka\TEL320\TEL320\A111\NUCLEO-L476RG_A111\cortex_m4\rss\lib\libacconeer.a(acc_radar_engine_common_sweep_w_dly.o)
                              C:\Users\pbuka\TEL320\TEL320\A111\NUCLEO-L476RG_A111\cortex_m4\rss\lib\libacconeer.a(acc_radar_engine_linear.o) (acc_radar_engine_common_sweep_w_dly_initialize_range)
C:\Users\pbuka\TEL320\TEL320\A111\NUCLEO-L476RG_A111\cortex_m4\rss\lib\libacconeer.a(acc_sensor_comm_r2.o)
                              C:\Users\pbuka\TEL320\TEL320\A111\NUCLEO-L476RG_A111\cortex_m4\rss\lib\libacconeer.a(acc_radar_engine_linear.o) (acc_sensor_r2_get_max_header_length)
C:\Users\pbuka\TEL320\TEL320\A111\NUCLEO-L476RG_A111\cortex_m4\rss\lib\libacconeer.a(acc_sensor_manager.o)
                              C:\Users\pbuka\TEL320\TEL320\A111\NUCLEO-L476RG_A111\cortex_m4\rss\lib\libacconeer.a(acc_rss.o) (acc_sensor_manager_activate)
C:\Users\pbuka\TEL320\TEL320\A111\NUCLEO-L476RG_A111\cortex_m4\rss\lib\libacconeer.a(acc_sensor_protocol_r2.o)
                              C:\Users\pbuka\TEL320\TEL320\A111\NUCLEO-L476RG_A111\cortex_m4\rss\lib\libacconeer.a(acc_radar_engine_linear.o) (acc_sensor_protocol_r2_wait_for_event)
C:\Users\pbuka\TEL320\TEL320\A111\NUCLEO-L476RG_A111\cortex_m4\rss\lib\libacconeer.a(acc_sweep_manager.o)
                              C:\Users\pbuka\TEL320\TEL320\A111\NUCLEO-L476RG_A111\cortex_m4\rss\lib\libacconeer.a(acc_sensor_manager.o) (acc_sweep_manager_prepare)
C:\Users\pbuka\TEL320\TEL320\A111\NUCLEO-L476RG_A111\cortex_m4\rss\lib\libacconeer.a(acc_alg_cca.o)
                              C:\Users\pbuka\TEL320\TEL320\A111\NUCLEO-L476RG_A111\cortex_m4\rss\lib\libacconeer.a(acc_radar_engine_linear.o) (acc_alg_cca_u16_calculate)
C:\Users\pbuka\TEL320\TEL320\A111\NUCLEO-L476RG_A111\cortex_m4\rss\lib\libacconeer.a(acc_assert.o)
                              C:\Users\pbuka\TEL320\TEL320\A111\NUCLEO-L476RG_A111\cortex_m4\rss\lib\libacconeer.a(acc_rss_integration.o) (acc_assert_fail)
C:\Users\pbuka\TEL320\TEL320\A111\NUCLEO-L476RG_A111\cortex_m4\rss\lib\libacconeer.a(acc_element.o)
                              C:\Users\pbuka\TEL320\TEL320\A111\NUCLEO-L476RG_A111\cortex_m4\rss\lib\libacconeer.a(acc_pipeline_envelope.o) (acc_element_sizeof)
C:\Users\pbuka\TEL320\TEL320\A111\NUCLEO-L476RG_A111\cortex_m4\rss\lib\libacconeer.a(acc_element_saturation_check.o)
                              C:\Users\pbuka\TEL320\TEL320\A111\NUCLEO-L476RG_A111\cortex_m4\rss\lib\libacconeer.a(acc_pipeline_envelope.o) (acc_element_saturation_check_init)
C:\Users\pbuka\TEL320\TEL320\A111\NUCLEO-L476RG_A111\cortex_m4\rss\lib\libacconeer.a(acc_element_sink_callback.o)
[...]
Memory Configuration

Name             Origin             Length             Attributes
RAM              0x0000000020000000 0x0000000000018000 xrw
RAM2             0x0000000010000000 0x0000000000008000 xrw
FLASH            0x0000000008000000 0x0000000000100000 xr
*default*        0x0000000000000000 0xffffffffffffffff

Linker script and memory map

LOAD C:/ST/STM32CubeIDE_1.13.1/STM32CubeIDE/plugins/com.st.stm32cube.ide.mcu.externaltools.gnu-tools-for-stm32.11.3.rel1.win32_1.1.0.202305231506/tools/bin/../lib/gcc/arm-none-eabi/11.3.1/thumb/v7e-m+fp/hard/crti.o
LOAD C:/ST/STM32CubeIDE_1.13.1/STM32CubeIDE/plugins/com.st.stm32cube.ide.mcu.externaltools.gnu-tools-for-stm32.11.3.rel1.win32_1.1.0.202305231506/tools/bin/../lib/gcc/arm-none-eabi/11.3.1/thumb/v7e-m+fp/hard/crtbegin.o
LOAD C:/ST/STM32CubeIDE_1.13.1/STM32CubeIDE/plugins/com.st.stm32cube.ide.mcu.externaltools.gnu-tools-for-stm32.11.3.rel1.win32_1.1.0.202305231506/tools/bin/../lib/gcc/arm-none-eabi/11.3.1/../../../../arm-none-eabi/lib/thumb/v7e-m+fp/hard/crt0.o
LOAD ./Core/Src/acc_hal_integration_stm32cube_sparkfun_a111.o
LOAD ./Core/Src/acc_integration_log.o
LOAD ./Core/Src/acc_integration_stm32.o
LOAD ./Core/Src/main.o
LOAD ./Core/Src/peak_detection.o
LOAD ./Core/Src/stm32l4xx_hal_msp.o
LOAD ./Core/Src/stm32l4xx_it.o
LOAD ./Core/Src/syscalls.o
LOAD ./Core/Src/sysmem.o
LOAD ./Core/Src/system_stm32l4xx.o
LOAD ./Core/Startup/startup_stm32l476rgtx.o
LOAD ./Drivers/STM32L4xx_HAL_Driver/Src/stm32l4xx_hal.o
LOAD ./Drivers/STM32L4xx_HAL_Driver/Src/stm32l4xx_hal_cortex.o
LOAD ./Drivers/STM32L4xx_HAL_Driver/Src/stm32l4xx_hal_dma.o
LOAD ./Drivers/STM32L4xx_HAL_Driver/Src/stm32l4xx_hal_dma_ex.o
LOAD ./Drivers/STM32L4xx_HAL_Driver/Src/stm32l4xx_hal_exti.o
LOAD ./Drivers/STM32L4xx_HAL_Driver/Src/stm32l4xx_hal_flash.o
LOAD ./Drivers/STM32L4xx_HAL_Driver/Src/stm32l4xx_hal_flash_ex.o
LOAD ./Drivers/STM32L4xx_HAL_Driver/Src/stm32l4xx_hal_flash_ramfunc.o
LOAD ./Drivers/STM32L4xx_HAL_Driver/Src/stm32l4xx_hal_gpio.o
LOAD ./Drivers/STM32L4xx_HAL_Driver/Src/stm32l4xx_hal_pwr.o
LOAD ./Drivers/STM32L4xx_HAL_Driver/Src/stm32l4xx_hal_pwr_ex.o
LOAD ./Drivers/STM32L4xx_HAL_Driver/Src/stm32l4xx_hal_rcc.o
LOAD ./Drivers/STM32L4xx_HAL_Driver/Src/stm32l4xx_hal_rcc_ex.o
LOAD ./Drivers/STM32L4xx_HAL_Driver/Src/stm32l4xx_hal_spi.o
LOAD ./Drivers/STM32L4xx_HAL_Driver/Src/stm32l4xx_hal_spi_ex.o
LOAD ./Drivers/STM32L4xx_HAL_Driver/Src/stm32l4xx_hal_tim.o
LOAD ./Drivers/STM32L4xx_HAL_Driver/Src/stm32l4xx_hal_tim_ex.o
LOAD ./Drivers/STM32L4xx_HAL_Driver/Src/stm32l4xx_hal_uart.o
LOAD ./Drivers/STM32L4xx_HAL_Driver/Src/stm32l4xx_hal_uart_ex.o
LOAD C:\Users\pbuka\TEL320\TEL320\A111\NUCLEO-L476RG_A111\cortex_m4\rss\lib\libacconeer.a
START GROUP
LOAD C:/ST/STM32CubeIDE_1.13.1/STM32CubeIDE/plugins/com.st.stm32cube.ide.mcu.externaltools.gnu-tools-for-stm32.11.3.rel1.win32_1.1.0.202305231506/tools/bin/../lib/gcc/arm-none-eabi/11.3.1/../../../../arm-none-eabi/lib/thumb/v7e-m+fp/hard\libc_nano.a
LOAD C:/ST/STM32CubeIDE_1.13.1/STM32CubeIDE/plugins/com.st.stm32cube.ide.mcu.externaltools.gnu-tools-for-stm32.11.3.rel1.win32_1.1.0.202305231506/tools/bin/../lib/gcc/arm-none-eabi/11.3.1/../../../../arm-none-eabi/lib/thumb/v7e-m+fp/hard\libm.a
END GROUP
START GROUP
LOAD C:/ST/STM32CubeIDE_1.13.1/STM32CubeIDE/plugins/com.st.stm32cube.ide.mcu.externaltools.gnu-tools-for-stm32.11.3.rel1.win32_1.1.0.202305231506/tools/bin/../lib/gcc/arm-none-eabi/11.3.1/thumb/v7e-m+fp/hard\libgcc.a
LOAD C:/ST/STM32CubeIDE_1.13.1/STM32CubeIDE/plugins/com.st.stm32cube.ide.mcu.externaltools.gnu-tools-for-stm32.11.3.rel1.win32_1.1.0.202305231506/tools/bin/../lib/gcc/arm-none-eabi/11.3.1/../../../../arm-none-eabi/lib/thumb/v7e-m+fp/hard\libc_nano.a
END GROUP
START GROUP
LOAD C:/ST/STM32CubeIDE_1.13.1/STM32CubeIDE/plugins/com.st.stm32cube.ide.mcu.externaltools.gnu-tools-for-stm32.11.3.rel1.win32_1.1.0.202305231506/tools/bin/../lib/gcc/arm-none-eabi/11.3.1/thumb/v7e-m+fp/hard\libgcc.a
LOAD C:/ST/STM32CubeIDE_1.13.1/STM32CubeIDE/plugins/com.st.stm32cube.ide.mcu.externaltools.gnu-tools-for-stm32.11.3.rel1.win32_1.1.0.202305231506/tools/bin/../lib/gcc/arm-none-eabi/11.3.1/../../../../arm-none-eabi/lib/thumb/v7e-m+fp/hard\libc_nano.a
LOAD C:/ST/STM32CubeIDE_1.13.1/STM32CubeIDE/plugins/com.st.stm32cube.ide.mcu.externaltools.gnu-tools-for-stm32.11.3.rel1.win32_1.1.0.202305231506/tools/bin/../lib/gcc/arm-none-eabi/11.3.1/../../../../arm-none-eabi/lib/thumb/v7e-m+fp/hard\libnosys.a
END GROUP
START GROUP
LOAD C:/ST/STM32CubeIDE_1.13.1/STM32CubeIDE/plugins/com.st.stm32cube.ide.mcu.externaltools.gnu-tools-for-stm32.11.3.rel1.win32_1.1.0.202305231506/tools/bin/../lib/gcc/arm-none-eabi/11.3.1/thumb/v7e-m+fp/hard\libgcc.a
LOAD C:/ST/STM32CubeIDE_1.13.1/STM32CubeIDE/plugins/com.st.stm32cube.ide.mcu.externaltools.gnu-tools-for-stm32.11.3.rel1.win32_1.1.0.202305231506/tools/bin/../lib/gcc/arm-none-eabi/11.3.1/../../../../arm-none-eabi/lib/thumb/v7e-m+fp/hard\libc_nano.a
LOAD C:/ST/STM32CubeIDE_1.13.1/STM32CubeIDE/plugins/com.st.stm32cube.ide.mcu.externaltools.gnu-tools-for-stm32.11.3.rel1.win32_1.1.0.202305231506/tools/bin/../lib/gcc/arm-none-eabi/11.3.1/../../../../arm-none-eabi/lib/thumb/v7e-m+fp/hard\libnosys.a
END GROUP
LOAD C:/ST/STM32CubeIDE_1.13.1/STM32CubeIDE/plugins/com.st.stm32cube.ide.mcu.externaltools.gnu-tools-for-stm32.11.3.rel1.win32_1.1.0.202305231506/tools/bin/../lib/gcc/arm-none-eabi/11.3.1/thumb/v7e-m+fp/hard/crtend.o
LOAD C:/ST/STM32CubeIDE_1.13.1/STM32CubeIDE/plugins/com.st.stm32cube.ide.mcu.externaltools.gnu-tools-for-stm32.11.3.rel1.win32_1.1.0.202305231506/tools/bin/../lib/gcc/arm-none-eabi/11.3.1/thumb/v7e-m+fp/hard/crtn.o
                0x0000000020018000                _estack = (ORIGIN (RAM) + LENGTH (RAM))
                0x0000000000000200                _Min_Heap_Size = 0x200
                0x0000000000000400                _Min_Stack_Size = 0x400

.isr_vector     0x0000000008000000      0x188
                0x0000000008000000                . = ALIGN (0x4)
 *(.isr_vector)
 .isr_vector    0x0000000008000000      0x188 ./Core/Startup/startup_stm32l476rgtx.o
                0x0000000008000000                g_pfnVectors
                0x0000000008000188                . = ALIGN (0x4)

.text           0x0000000008000190     0xdfe8
                0x0000000008000190                . = ALIGN (0x4)
 *(.text)
 .text          0x0000000008000190       0x40 C:/ST/STM32CubeIDE_1.13.1/STM32CubeIDE/plugins/com.st.stm32cube.ide.mcu.externaltools.gnu-tools-for-stm32.11.3.rel1.win32_1.1.0.202305231506/tools/bin/../lib/gcc/arm-none-eabi/11.3.1/thumb/v7e-m+fp/hard/crtbegin.o
 .text          0x00000000080001d0       0xe4 C:\Users\pbuka\TEL320\TEL320\A111\NUCLEO-L476RG_A111\cortex_m4\rss\lib\libacconeer.a(acc_alg_biquad_q3_12_gnu.o)
                0x00000000080001d0                acc_alg_biquad_q3_12_complex_direct_form_1_reverse
                0x00000000080001d8                acc_alg_biquad_q3_12_complex_direct_form_1
                0x0000000008000254                acc_alg_biquad_q3_12_direct_form_1_reverse
                0x000000000800025c                acc_alg_biquad_q3_12_direct_form_1
 *fill*         0x00000000080002b4        0xc 
 .text          0x00000000080002c0       0xa0 C:/ST/STM32CubeIDE_1.13.1/STM32CubeIDE/plugins/com.st.stm32cube.ide.mcu.externaltools.gnu-tools-for-stm32.11.3.rel1.win32_1.1.0.202305231506/tools/bin/../lib/gcc/arm-none-eabi/11.3.1/../../../../arm-none-eabi/lib/thumb/v7e-m+fp/hard\libc_nano.a(libc_a-memchr.o)
                0x00000000080002c0                memchr
 .text          0x0000000008000360       0x30 C:/ST/STM32CubeIDE_1.13.1/STM32CubeIDE/plugins/com.st.stm32cube.ide.mcu.externaltools.gnu-tools-for-stm32.11.3.rel1.win32_1.1.0.202305231506/tools/bin/../lib/gcc/arm-none-eabi/11.3.1/thumb/v7e-m+fp/hard\libgcc.a(_aeabi_uldivmod.o)
                0x0000000008000360                __aeabi_uldivmod
 .text          0x0000000008000390      0x2c8 C:/ST/STM32CubeIDE_1.13.1/STM32CubeIDE/plugins/com.st.stm32cube.ide.mcu.externaltools.gnu-tools-for-stm32.11.3.rel1.win32_1.1.0.202305231506/tools/bin/../lib/gcc/arm-none-eabi/11.3.1/thumb/v7e-m+fp/hard\libgcc.a(_udivmoddi4.o)
                0x0000000008000390                __udivmoddi4
 .text          0x0000000008000658        0x4 C:/ST/STM32CubeIDE_1.13.1/STM32CubeIDE/plugins/com.st.stm32cube.ide.mcu.externaltools.gnu-tools-for-stm32.11.3.rel1.win32_1.1.0.202305231506/tools/bin/../lib/gcc/arm-none-eabi/11.3.1/thumb/v7e-m+fp/hard\libgcc.a(_dvmd_tls.o)
                0x0000000008000658                __aeabi_idiv0
                0x0000000008000658                __aeabi_ldiv0
 *(.text*)
 .text.disable_interrupts
                0x000000000800065c       0x12 ./Core/Src/acc_hal_integration_stm32cube_sparkfun_a111.o
 .text.enable_interrupts
                0x000000000800066e       0x18 ./Core/Src/acc_hal_integration_stm32cube_sparkfun_a111.o
 *fill*         0x0000000008000686        0x2 
 .text.acc_hal_integration_sensor_transfer
                0x0000000008000688       0x4c ./Core/Src/acc_hal_integration_stm32cube_sparkfun_a111.o
 .text.acc_hal_integration_sensor_power_on
                0x00000000080006d4       0x30 ./Core/Src/acc_hal_integration_stm32cube_sparkfun_a111.o
 .text.acc_hal_integration_sensor_power_off
                0x0000000008000704       0x30 ./Core/Src/acc_hal_integration_stm32cube_sparkfun_a111.o
 .text.acc_hal_integration_wait_for_sensor_interrupt
                0x0000000008000734       0x70 ./Core/Src/acc_hal_integration_stm32cube_sparkfun_a111.o
 .text.acc_hal_integration_get_reference_frequency
                0x00000000080007a4       0x1c ./Core/Src/acc_hal_integration_stm32cube_sparkfun_a111.o
 .text.acc_hal_integration_get_implementation
                0x00000000080007c0       0x14 ./Core/Src/acc_hal_integration_stm32cube_sparkfun_a111.o
                0x00000000080007c0                acc_hal_integration_get_implementation
 .text.acc_integration_log
                0x00000000080007d4      0x138 ./Core/Src/acc_integration_log.o
                0x00000000080007d4                acc_integration_log
 .text.acc_integration_get_time
                0x000000000800090c        0xe ./Core/Src/acc_integration_stm32.o
                0x000000000800090c                acc_integration_get_time
 *fill*         0x000000000800091a        0x2 
 .text._write   0x000000000800091c       0x2c ./Core/Src/main.o
                0x000000000800091c                _write
 .text.update_configuration.1
                0x0000000008000948       0x40 ./Core/Src/main.o
 .text.main     0x0000000008000988       0x36 ./Core/Src/main.o
                0x0000000008000988                main
 *fill*         0x00000000080009be        0x2 
 .text.print_data.2
                0x00000000080009c0       0x48 ./Core/Src/main.o
 .text.acc_example_service_envelope.0
                0x0000000008000a08      0x208 ./Core/Src/main.o
 .text.SystemClock_Config
                0x0000000008000c10       0xa2 ./Core/Src/main.o
                0x0000000008000c10                SystemClock_Config
 *fill*         0x0000000008000cb2        0x2 
 .text.MX_SPI3_Init
                0x0000000008000cb4       0x7c ./Core/Src/main.o
 .text.MX_USART2_UART_Init
                0x0000000008000d30       0x60 ./Core/Src/main.o
 .text.MX_GPIO_Init
                0x0000000008000d90      0x124 ./Core/Src/main.o
 .text.Error_Handler
                0x0000000008000eb4        0xa ./Core/Src/main.o
                0x0000000008000eb4                Error_Handler
 .text.mutliple_peak_detection
                0x0000000008000ebe      0x12a ./Core/Src/peak_detection.o
                0x0000000008000ebe                mutliple_peak_detection
 .text.HAL_MspInit
                0x0000000008000fe8       0x48 ./Core/Src/stm32l4xx_hal_msp.o
                0x0000000008000fe8                HAL_MspInit
 .text.HAL_SPI_MspInit
                0x0000000008001030       0x88 ./Core/Src/stm32l4xx_hal_msp.o
                0x0000000008001030                HAL_SPI_MspInit
 .text.HAL_UART_MspInit
                0x00000000080010b8       0xb8 ./Core/Src/stm32l4xx_hal_msp.o
                0x00000000080010b8                HAL_UART_MspInit
 .text.NMI_Handler
                0x0000000008001170        0x6 ./Core/Src/stm32l4xx_it.o
                0x0000000008001170                NMI_Handler
 .text.HardFault_Handler
                0x0000000008001176        0x6 ./Core/Src/stm32l4xx_it.o
                0x0000000008001176                HardFault_Handler
 .text.MemManage_Handler
                0x000000000800117c        0x6 ./Core/Src/stm32l4xx_it.o
                0x000000000800117c                MemManage_Handler
 .text.BusFault_Handler
                0x0000000008001182        0x6 ./Core/Src/stm32l4xx_it.o
                0x0000000008001182                BusFault_Handler
 .text.UsageFault_Handler
                0x0000000008001188        0x6 ./Core/Src/stm32l4xx_it.o
                0x0000000008001188                UsageFault_Handler
 .text.SVC_Handler
                0x000000000800118e        0xe ./Core/Src/stm32l4xx_it.o
                0x000000000800118e                SVC_Handler
 .text.DebugMon_Handler
                0x000000000800119c        0xe ./Core/Src/stm32l4xx_it.o
                0x000000000800119c                DebugMon_Handler
 .text.PendSV_Handler
                0x00000000080011aa        0xe ./Core/Src/stm32l4xx_it.o
                0x00000000080011aa                PendSV_Handler
 .text.SysTick_Handler
                0x00000000080011b8        0xc ./Core/Src/stm32l4xx_it.o
                0x00000000080011b8                SysTick_Handler
 .text.EXTI9_5_IRQHandler
                0x00000000080011c4       0x10 ./Core/Src/stm32l4xx_it.o
                0x00000000080011c4                EXTI9_5_IRQHandler
 .text._read    0x00000000080011d4       0x3a ./Core/Src/syscalls.o
                0x00000000080011d4                _read
 .text._close   0x000000000800120e       0x18 ./Core/Src/syscalls.o
                0x000000000800120e                _close
 .text._fstat   0x0000000008001226       0x20 ./Core/Src/syscalls.o
                0x0000000008001226                _fstat
 .text._isatty  0x0000000008001246       0x16 ./Core/Src/syscalls.o
                0x0000000008001246                _isatty
 .text._lseek   0x000000000800125c       0x1a ./Core/Src/syscalls.o
                0x000000000800125c                _lseek
 *fill*         0x0000000008001276        0x2 
 .text._sbrk    0x0000000008001278       0x6c ./Core/Src/sysmem.o
                0x0000000008001278                _sbrk
 .text.SystemInit
                0x00000000080012e4       0x24 ./Core/Src/system_stm32l4xx.o
                0x00000000080012e4                SystemInit
 .text.Reset_Handler
                0x0000000008001308       0x50 ./Core/Startup/startup_stm32l476rgtx.o
                0x0000000008001308                Reset_Handler
 .text.Default_Handler
                0x0000000008001358        0x2 ./Core/Startup/startup_stm32l476rgtx.o
                0x0000000008001358                RTC_Alarm_IRQHandler
                0x0000000008001358                EXTI2_IRQHandler
                0x0000000008001358                TIM8_TRG_COM_IRQHandler
                0x0000000008001358                TIM8_CC_IRQHandler
                0x0000000008001358                TIM1_CC_IRQHandler
                0x0000000008001358                TSC_IRQHandler
                0x0000000008001358                TAMP_STAMP_IRQHandler
                0x0000000008001358                EXTI3_IRQHandler
                0x0000000008001358                LPTIM2_IRQHandler
                0x0000000008001358                DFSDM1_FLT1_IRQHandler
                0x0000000008001358                I2C3_ER_IRQHandler
                0x0000000008001358                DFSDM1_FLT2_IRQHandler
                0x0000000008001358                EXTI0_IRQHandler
                0x0000000008001358                I2C2_EV_IRQHandler
                0x0000000008001358                CAN1_RX0_IRQHandler
                0x0000000008001358                FPU_IRQHandler
                0x0000000008001358                TIM1_UP_TIM16_IRQHandler
                0x0000000008001358                ADC1_2_IRQHandler
                0x0000000008001358                SPI1_IRQHandler
                0x0000000008001358                TIM6_DAC_IRQHandler
                0x0000000008001358                TIM8_UP_IRQHandler
                0x0000000008001358                DMA2_Channel2_IRQHandler
                0x0000000008001358                DMA1_Channel4_IRQHandler
                0x0000000008001358                SAI2_IRQHandler
                0x0000000008001358                DFSDM1_FLT3_IRQHandler
                0x0000000008001358                USART3_IRQHandler
                0x0000000008001358                DMA1_Channel7_IRQHandler
                0x0000000008001358                CAN1_RX1_IRQHandler
                0x0000000008001358                LCD_IRQHandler
                0x0000000008001358                UART5_IRQHandler
                0x0000000008001358                ADC3_IRQHandler
                0x0000000008001358                TIM4_IRQHandler
                0x0000000008001358                DMA2_Channel1_IRQHandler
                0x0000000008001358                QUADSPI_IRQHandler
                0x0000000008001358                I2C1_EV_IRQHandler
                0x0000000008001358                DMA1_Channel6_IRQHandler
                0x0000000008001358                UART4_IRQHandler
                0x0000000008001358                DMA2_Channel4_IRQHandler
                0x0000000008001358                TIM3_IRQHandler
                0x0000000008001358                RCC_IRQHandler
                0x0000000008001358                DMA1_Channel1_IRQHandler
                0x0000000008001358                Default_Handler
                0x0000000008001358                DMA2_Channel7_IRQHandler
                0x0000000008001358                EXTI15_10_IRQHandler
                0x0000000008001358                TIM7_IRQHandler
                0x0000000008001358                SDMMC1_IRQHandler
                0x0000000008001358                TIM5_IRQHandler
                0x0000000008001358                I2C3_EV_IRQHandler
                0x0000000008001358                RTC_WKUP_IRQHandler
                0x0000000008001358                PVD_PVM_IRQHandler
                0x0000000008001358                SPI2_IRQHandler
                0x0000000008001358                CAN1_TX_IRQHandler
                0x0000000008001358                DMA2_Channel5_IRQHandler
                0x0000000008001358                DMA1_Channel5_IRQHandler
                0x0000000008001358                EXTI4_IRQHandler
                0x0000000008001358                RNG_IRQHandler
                0x0000000008001358                TIM1_TRG_COM_TIM17_IRQHandler
                0x0000000008001358                DMA1_Channel3_IRQHandler
                0x0000000008001358                COMP_IRQHandler
                0x0000000008001358                WWDG_IRQHandler
                0x0000000008001358                LPUART1_IRQHandler
                0x0000000008001358                DMA2_Channel6_IRQHandler
                0x0000000008001358                TIM2_IRQHandler
                0x0000000008001358                EXTI1_IRQHandler
                0x0000000008001358                USART2_IRQHandler
                0x0000000008001358                DFSDM1_FLT0_IRQHandler
                0x0000000008001358                I2C2_ER_IRQHandler
                0x0000000008001358                DMA1_Channel2_IRQHandler
                0x0000000008001358                TIM8_BRK_IRQHandler
                0x0000000008001358                CAN1_SCE_IRQHandler
                0x0000000008001358                FLASH_IRQHandler
                0x0000000008001358                USART1_IRQHandler
                0x0000000008001358                OTG_FS_IRQHandler
                0x0000000008001358                SPI3_IRQHandler
                0x0000000008001358                I2C1_ER_IRQHandler
                0x0000000008001358                FMC_IRQHandler
                0x0000000008001358                SWPMI1_IRQHandler
                0x0000000008001358                LPTIM1_IRQHandler
                0x0000000008001358                SAI1_IRQHandler
                0x0000000008001358                DMA2_Channel3_IRQHandler
                0x0000000008001358                TIM1_BRK_TIM15_IRQHandler
 *fill*         0x000000000800135a        0x2 
 .text.HAL_Init
                0x000000000800135c       0x40 ./Drivers/STM32L4xx_HAL_Driver/Src/stm32l4xx_hal.o
                0x000000000800135c                HAL_Init
 .text.HAL_InitTick
                0x000000000800139c       0x78 ./Drivers/STM32L4xx_HAL_Driver/Src/stm32l4xx_hal.o
                0x000000000800139c                HAL_InitTick
 .text.HAL_IncTick
                0x0000000008001414       0x28 ./Drivers/STM32L4xx_HAL_Driver/Src/stm32l4xx_hal.o
                0x0000000008001414                HAL_IncTick
 .text.HAL_GetTick
                0x000000000800143c       0x18 ./Drivers/STM32L4xx_HAL_Driver/Src/stm32l4xx_hal.o
                0x000000000800143c                HAL_GetTick
 .text.HAL_Delay
                0x0000000008001454       0x48 ./Drivers/STM32L4xx_HAL_Driver/Src/stm32l4xx_hal.o
                0x0000000008001454                HAL_Delay
 .text.__NVIC_SetPriorityGrouping
                0x000000000800149c       0x48 ./Drivers/STM32L4xx_HAL_Driver/Src/stm32l4xx_hal_cortex.o
 .text.__NVIC_GetPriorityGrouping
                0x00000000080014e4       0x1c ./Drivers/STM32L4xx_HAL_Driver/Src/stm32l4xx_hal_cortex.o
 .text.__NVIC_EnableIRQ
                0x0000000008001500       0x3c ./Drivers/STM32L4xx_HAL_Driver/Src/stm32l4xx_hal_cortex.o
 .text.__NVIC_SetPriority
                0x000000000800153c       0x54 ./Drivers/STM32L4xx_HAL_Driver/Src/stm32l4xx_hal_cortex.o
 .text.NVIC_EncodePriority
                0x0000000008001590       0x66 ./Drivers/STM32L4xx_HAL_Driver/Src/stm32l4xx_hal_cortex.o
 *fill*         0x00000000080015f6        0x2 
 .text.SysTick_Config
                0x00000000080015f8       0x44 ./Drivers/STM32L4xx_HAL_Driver/Src/stm32l4xx_hal_cortex.o
 .text.HAL_NVIC_SetPriorityGrouping
                0x000000000800163c       0x16 ./Drivers/STM32L4xx_HAL_Driver/Src/stm32l4xx_hal_cortex.o
                0x000000000800163c                HAL_NVIC_SetPriorityGrouping
 .text.HAL_NVIC_SetPriority
                0x0000000008001652       0x38 ./Drivers/STM32L4xx_HAL_Driver/Src/stm32l4xx_hal_cortex.o
                0x0000000008001652                HAL_NVIC_SetPriority
 .text.HAL_NVIC_EnableIRQ
                0x000000000800168a       0x1c ./Drivers/STM32L4xx_HAL_Driver/Src/stm32l4xx_hal_cortex.o
                0x000000000800168a                HAL_NVIC_EnableIRQ
 .text.HAL_SYSTICK_Config
                0x00000000080016a6       0x18 ./Drivers/STM32L4xx_HAL_Driver/Src/stm32l4xx_hal_cortex.o
                0x00000000080016a6                HAL_SYSTICK_Config
 *fill*         0x00000000080016be        0x2 
 .text.HAL_GPIO_Init
                0x00000000080016c0      0x354 ./Drivers/STM32L4xx_HAL_Driver/Src/stm32l4xx_hal_gpio.o
                0x00000000080016c0                HAL_GPIO_Init
 .text.HAL_GPIO_ReadPin
                0x0000000008001a14       0x30 ./Drivers/STM32L4xx_HAL_Driver/Src/stm32l4xx_hal_gpio.o
                0x0000000008001a14                HAL_GPIO_ReadPin
 .text.HAL_GPIO_WritePin
                0x0000000008001a44       0x30 ./Drivers/STM32L4xx_HAL_Driver/Src/stm32l4xx_hal_gpio.o
                0x0000000008001a44                HAL_GPIO_WritePin
 .text.HAL_GPIO_EXTI_IRQHandler
                0x0000000008001a74       0x30 ./Drivers/STM32L4xx_HAL_Driver/Src/stm32l4xx_hal_gpio.o
                0x0000000008001a74                HAL_GPIO_EXTI_IRQHandler
 .text.HAL_GPIO_EXTI_Callback
                0x0000000008001aa4       0x16 ./Drivers/STM32L4xx_HAL_Driver/Src/stm32l4xx_hal_gpio.o
                0x0000000008001aa4                HAL_GPIO_EXTI_Callback
 *fill*         0x0000000008001aba        0x2 
 .text.HAL_PWREx_GetVoltageRange
                0x0000000008001abc       0x1c ./Drivers/STM32L4xx_HAL_Driver/Src/stm32l4xx_hal_pwr_ex.o
                0x0000000008001abc                HAL_PWREx_GetVoltageRange
 .text.HAL_PWREx_ControlVoltageScaling
                0x0000000008001ad8       0xac ./Drivers/STM32L4xx_HAL_Driver/Src/stm32l4xx_hal_pwr_ex.o
                0x0000000008001ad8                HAL_PWREx_ControlVoltageScaling
 .text.HAL_RCC_OscConfig
                0x0000000008001b84      0x7b8 ./Drivers/STM32L4xx_HAL_Driver/Src/stm32l4xx_hal_rcc.o
                0x0000000008001b84                HAL_RCC_OscConfig
 .text.HAL_RCC_ClockConfig
                0x000000000800233c      0x200 ./Drivers/STM32L4xx_HAL_Driver/Src/stm32l4xx_hal_rcc.o
                0x000000000800233c                HAL_RCC_ClockConfig
 .text.HAL_RCC_GetSysClockFreq
                0x000000000800253c      0x118 ./Drivers/STM32L4xx_HAL_Driver/Src/stm32l4xx_hal_rcc.o
                0x000000000800253c                HAL_RCC_GetSysClockFreq
 .text.HAL_RCC_GetHCLKFreq
                0x0000000008002654       0x18 ./Drivers/STM32L4xx_HAL_Driver/Src/stm32l4xx_hal_rcc.o
                0x0000000008002654                HAL_RCC_GetHCLKFreq
 .text.HAL_RCC_GetPCLK1Freq
                0x000000000800266c       0x2c ./Drivers/STM32L4xx_HAL_Driver/Src/stm32l4xx_hal_rcc.o
                0x000000000800266c                HAL_RCC_GetPCLK1Freq
 .text.HAL_RCC_GetPCLK2Freq
                0x0000000008002698       0x2c ./Drivers/STM32L4xx_HAL_Driver/Src/stm32l4xx_hal_rcc.o
                0x0000000008002698                HAL_RCC_GetPCLK2Freq
 .text.RCC_SetFlashLatencyFromMSIRange
                0x00000000080026c4       0xc0 ./Drivers/STM32L4xx_HAL_Driver/Src/stm32l4xx_hal_rcc.o
 .text.HAL_RCCEx_PeriphCLKConfig
                0x0000000008002784      0x5d4 ./Drivers/STM32L4xx_HAL_Driver/Src/stm32l4xx_hal_rcc_ex.o
                0x0000000008002784                HAL_RCCEx_PeriphCLKConfig
 .text.RCCEx_PLLSAI1_Config
                0x0000000008002d58      0x1e8 ./Drivers/STM32L4xx_HAL_Driver/Src/stm32l4xx_hal_rcc_ex.o
 .text.RCCEx_PLLSAI2_Config
                0x0000000008002f40      0x1bc ./Drivers/STM32L4xx_HAL_Driver/Src/stm32l4xx_hal_rcc_ex.o
 .text.HAL_SPI_Init
                0x00000000080030fc      0x146 ./Drivers/STM32L4xx_HAL_Driver/Src/stm32l4xx_hal_spi.o
                0x00000000080030fc                HAL_SPI_Init
 .text.HAL_SPI_TransmitReceive
                0x0000000008003242      0x444 ./Drivers/STM32L4xx_HAL_Driver/Src/stm32l4xx_hal_spi.o
                0x0000000008003242                HAL_SPI_TransmitReceive
 *fill*         0x0000000008003686        0x2 
 .text.SPI_WaitFlagStateUntilTimeout
                0x0000000008003688      0x110 ./Drivers/STM32L4xx_HAL_Driver/Src/stm32l4xx_hal_spi.o
 .text.SPI_WaitFifoStateUntilTimeout
                0x0000000008003798      0x12c ./Drivers/STM32L4xx_HAL_Driver/Src/stm32l4xx_hal_spi.o
 .text.SPI_EndRxTxTransaction
                0x00000000080038c4       0x8c ./Drivers/STM32L4xx_HAL_Driver/Src/stm32l4xx_hal_spi.o
 .text.HAL_UART_Init
                0x0000000008003950       0x9c ./Drivers/STM32L4xx_HAL_Driver/Src/stm32l4xx_hal_uart.o
                0x0000000008003950                HAL_UART_Init
 .text.HAL_UART_Transmit
                0x00000000080039ec      0x114 ./Drivers/STM32L4xx_HAL_Driver/Src/stm32l4xx_hal_uart.o
                0x00000000080039ec                HAL_UART_Transmit
 .text.UART_SetConfig
                0x0000000008003b00      0x570 ./Drivers/STM32L4xx_HAL_Driver/Src/stm32l4xx_hal_uart.o
                0x0000000008003b00                UART_SetConfig
 .text.UART_AdvFeatureConfig
                0x0000000008004070      0x144 ./Drivers/STM32L4xx_HAL_Driver/Src/stm32l4xx_hal_uart.o
                0x0000000008004070                UART_AdvFeatureConfig
 .text.UART_CheckIdleState
                0x00000000080041b4      0x150 ./Drivers/STM32L4xx_HAL_Driver/Src/stm32l4xx_hal_uart.o
                0x00000000080041b4                UART_CheckIdleState
 .text.UART_WaitOnFlagUntilTimeout
                0x0000000008004304       0xce ./Drivers/STM32L4xx_HAL_Driver/Src/stm32l4xx_hal_uart.o
                0x0000000008004304                UART_WaitOnFlagUntilTimeout
 .text.UART_EndRxTransfer
                0x00000000080043d2       0xc8 ./Drivers/STM32L4xx_HAL_Driver/Src/stm32l4xx_hal_uart.o
 *fill*         0x000000000800449a        0x2 
 .text.acc_rss_activate
                0x000000000800449c       0x7c C:\Users\pbuka\TEL320\TEL320\A111\NUCLEO-L476RG_A111\cortex_m4\rss\lib\libacconeer.a(acc_rss.o)
                0x000000000800449c                acc_rss_activate
 .text.acc_rss_deactivate
                0x0000000008004518       0x40 C:\Users\pbuka\TEL320\TEL320\A111\NUCLEO-L476RG_A111\cortex_m4\rss\lib\libacconeer.a(acc_rss.o)
                0x0000000008004518                acc_rss_deactivate
 .text.acc_service_get_base_configuration
                0x0000000008004558       0x30 C:\Users\pbuka\TEL320\TEL320\A111\NUCLEO-L476RG_A111\cortex_m4\rss\lib\libacconeer.a(acc_service.o)
                0x0000000008004558                acc_service_get_base_configuration
 .text.set_maximize_signal_attenuation
                0x0000000008004588       0x3c C:\Users\pbuka\TEL320\TEL320\A111\NUCLEO-L476RG_A111\cortex_m4\rss\lib\libacconeer.a(acc_service.o)
 .text.acc_service_requested_start_set
                0x00000000080045c4       0x1c C:\Users\pbuka\TEL320\TEL320\A111\NUCLEO-L476RG_A111\cortex_m4\rss\lib\libacconeer.a(acc_service.o)
                0x00000000080045c4                acc_service_requested_start_set
 .text.acc_service_requested_length_set
                0x00000000080045e0       0x1c C:\Users\pbuka\TEL320\TEL320\A111\NUCLEO-L476RG_A111\cortex_m4\rss\lib\libacconeer.a(acc_service.o)
                0x00000000080045e0                acc_service_requested_length_set
 .text.acc_service_pipeline_destroy
                0x00000000080045fc       0x14 C:\Users\pbuka\TEL320\TEL320\A111\NUCLEO-L476RG_A111\cortex_m4\rss\lib\libacconeer.a(acc_service.o)
                0x00000000080045fc                acc_service_pipeline_destroy
 .text.acc_service_send_data
                0x0000000008004610       0x3c C:\Users\pbuka\TEL320\TEL320\A111\NUCLEO-L476RG_A111\cortex_m4\rss\lib\libacconeer.a(acc_service.o)
                0x0000000008004610                acc_service_send_data
 .text.acc_service_set_module_active
                0x000000000800464c        0xc C:\Users\pbuka\TEL320\TEL320\A111\NUCLEO-L476RG_A111\cortex_m4\rss\lib\libacconeer.a(acc_service.o)
                0x000000000800464c                acc_service_set_module_active
 .text.acc_service_handle_valid
                0x0000000008004658       0x30 C:\Users\pbuka\TEL320\TEL320\A111\NUCLEO-L476RG_A111\cortex_m4\rss\lib\libacconeer.a(acc_service.o)
                0x0000000008004658                acc_service_handle_valid
 .text.acc_service_activate
                0x0000000008004688       0x84 C:\Users\pbuka\TEL320\TEL320\A111\NUCLEO-L476RG_A111\cortex_m4\rss\lib\libacconeer.a(acc_service.o)
                0x0000000008004688                acc_service_activate
 .text.acc_service_deactivate
                0x000000000800470c       0x7c C:\Users\pbuka\TEL320\TEL320\A111\NUCLEO-L476RG_A111\cortex_m4\rss\lib\libacconeer.a(acc_service.o)
                0x000000000800470c                acc_service_deactivate
 .text.acc_service_get_next
                0x0000000008004788       0xd8 C:\Users\pbuka\TEL320\TEL320\A111\NUCLEO-L476RG_A111\cortex_m4\rss\lib\libacconeer.a(acc_service.o)
                0x0000000008004788                acc_service_get_next
 .text.acc_service_configuration_valid
                0x0000000008004860       0x3c C:\Users\pbuka\TEL320\TEL320\A111\NUCLEO-L476RG_A111\cortex_m4\rss\lib\libacconeer.a(acc_service.o)
                0x0000000008004860                acc_service_configuration_valid
 .text.acc_service_configuration_check
                0x000000000800489c       0x30 C:\Users\pbuka\TEL320\TEL320\A111\NUCLEO-L476RG_A111\cortex_m4\rss\lib\libacconeer.a(acc_service.o)
                0x000000000800489c                acc_service_configuration_check
 .text.acc_service_profile_set
                0x00000000080048cc       0x44 C:\Users\pbuka\TEL320\TEL320\A111\NUCLEO-L476RG_A111\cortex_m4\rss\lib\libacconeer.a(acc_service.o)
                0x00000000080048cc                acc_service_profile_set
 .text.acc_service_maximize_signal_attenuation_set
                0x0000000008004910       0x30 C:\Users\pbuka\TEL320\TEL320\A111\NUCLEO-L476RG_A111\cortex_m4\rss\lib\libacconeer.a(acc_service.o)
                0x0000000008004910                acc_service_maximize_signal_attenuation_set
 .text.acc_service_initialize_service_configuration
                0x0000000008004940       0x30 C:\Users\pbuka\TEL320\TEL320\A111\NUCLEO-L476RG_A111\cortex_m4\rss\lib\libacconeer.a(acc_service.o)
                0x0000000008004940                acc_service_initialize_service_configuration
 .text.envelope_send_data
                0x0000000008004970       0x38 C:\Users\pbuka\TEL320\TEL320\A111\NUCLEO-L476RG_A111\cortex_m4\rss\lib\libacconeer.a(acc_service_envelope.o)
 .text.envelope_create_service
                0x00000000080049a8       0xdc C:\Users\pbuka\TEL320\TEL320\A111\NUCLEO-L476RG_A111\cortex_m4\rss\lib\libacconeer.a(acc_service_envelope.o)
 .text.get_and_validate_envelope_configuration
                0x0000000008004a84       0x34 C:\Users\pbuka\TEL320\TEL320\A111\NUCLEO-L476RG_A111\cortex_m4\rss\lib\libacconeer.a(acc_service_envelope.o)
 .text.set_configuration_for_profile
                0x0000000008004ab8       0x98 C:\Users\pbuka\TEL320\TEL320\A111\NUCLEO-L476RG_A111\cortex_m4\rss\lib\libacconeer.a(acc_service_envelope.o)
 .text.acc_service_envelope_configuration_create
                0x0000000008004b50      0x11c C:\Users\pbuka\TEL320\TEL320\A111\NUCLEO-L476RG_A111\cortex_m4\rss\lib\libacconeer.a(acc_service_envelope.o)
                0x0000000008004b50                acc_service_envelope_configuration_create
 .text.acc_service_envelope_configuration_destroy
                0x0000000008004c6c       0x24 C:\Users\pbuka\TEL320\TEL320\A111\NUCLEO-L476RG_A111\cortex_m4\rss\lib\libacconeer.a(acc_service_envelope.o)
                0x0000000008004c6c                acc_service_envelope_configuration_destroy
 .text.acc_service_envelope_get_metadata
                0x0000000008004c90       0x44 C:\Users\pbuka\TEL320\TEL320\A111\NUCLEO-L476RG_A111\cortex_m4\rss\lib\libacconeer.a(acc_service_envelope.o)
                0x0000000008004c90                acc_service_envelope_get_metadata
 .text.acc_service_envelope_get_next
                0x0000000008004cd4       0x30 C:\Users\pbuka\TEL320\TEL320\A111\NUCLEO-L476RG_A111\cortex_m4\rss\lib\libacconeer.a(acc_service_envelope.o)
                0x0000000008004cd4                acc_service_envelope_get_next
 .text.destroy_handle
                0x0000000008004d04       0x70 C:\Users\pbuka\TEL320\TEL320\A111\NUCLEO-L476RG_A111\cortex_m4\rss\lib\libacconeer.a(acc_service_manager.o)
 .text.acc_service_manager_activate
                0x0000000008004d74       0x1c C:\Users\pbuka\TEL320\TEL320\A111\NUCLEO-L476RG_A111\cortex_m4\rss\lib\libacconeer.a(acc_service_manager.o)
                0x0000000008004d74                acc_service_manager_activate
 .text.acc_service_create
                0x0000000008004d90       0xe8 C:\Users\pbuka\TEL320\TEL320\A111\NUCLEO-L476RG_A111\cortex_m4\rss\lib\libacconeer.a(acc_service_manager.o)
                0x0000000008004d90                acc_service_create
 .text.acc_service_destroy
                0x0000000008004e78       0x58 C:\Users\pbuka\TEL320\TEL320\A111\NUCLEO-L476RG_A111\cortex_m4\rss\lib\libacconeer.a(acc_service_manager.o)
                0x0000000008004e78                acc_service_destroy
 .text.acc_service_manager_deactivate
                0x0000000008004ed0       0x4c C:\Users\pbuka\TEL320\TEL320\A111\NUCLEO-L476RG_A111\cortex_m4\rss\lib\libacconeer.a(acc_service_manager.o)
                0x0000000008004ed0                acc_service_manager_deactivate
 .text.configuration_is_valid
                0x0000000008004f1c       0x2c C:\Users\pbuka\TEL320\TEL320\A111\NUCLEO-L476RG_A111\cortex_m4\rss\lib\libacconeer.a(acc_base_configuration.o)
 .text.acc_base_configuration_sensor_get
                0x0000000008004f48       0x10 C:\Users\pbuka\TEL320\TEL320\A111\NUCLEO-L476RG_A111\cortex_m4\rss\lib\libacconeer.a(acc_base_configuration.o)
                0x0000000008004f48                acc_base_configuration_sensor_get
 .text.acc_base_configuration_sensor_set
                0x0000000008004f58       0x10 C:\Users\pbuka\TEL320\TEL320\A111\NUCLEO-L476RG_A111\cortex_m4\rss\lib\libacconeer.a(acc_base_configuration.o)
                0x0000000008004f58                acc_base_configuration_sensor_set
 .text.acc_base_configuration_requested_start_get
                0x0000000008004f68       0x1c C:\Users\pbuka\TEL320\TEL320\A111\NUCLEO-L476RG_A111\cortex_m4\rss\lib\libacconeer.a(acc_base_configuration.o)
                0x0000000008004f68                acc_base_configuration_requested_start_get
 .text.acc_base_configuration_requested_start_set
                0x0000000008004f84       0x1c C:\Users\pbuka\TEL320\TEL320\A111\NUCLEO-L476RG_A111\cortex_m4\rss\lib\libacconeer.a(acc_base_configuration.o)
                0x0000000008004f84                acc_base_configuration_requested_start_set
 .text.acc_base_configuration_requested_length_get
                0x0000000008004fa0       0x1c C:\Users\pbuka\TEL320\TEL320\A111\NUCLEO-L476RG_A111\cortex_m4\rss\lib\libacconeer.a(acc_base_configuration.o)
                0x0000000008004fa0                acc_base_configuration_requested_length_get
 .text.acc_base_configuration_requested_length_set
                0x0000000008004fbc       0x1c C:\Users\pbuka\TEL320\TEL320\A111\NUCLEO-L476RG_A111\cortex_m4\rss\lib\libacconeer.a(acc_base_configuration.o)
                0x0000000008004fbc                acc_base_configuration_requested_length_set
 .text.acc_base_configuration_repetition_mode_on_demand_set
                0x0000000008004fd8       0x10 C:\Users\pbuka\TEL320\TEL320\A111\NUCLEO-L476RG_A111\cortex_m4\rss\lib\libacconeer.a(acc_base_configuration.o)
                0x0000000008004fd8                acc_base_configuration_repetition_mode_on_demand_set
 .text.acc_base_configuration_power_save_mode_get
                0x0000000008004fe8       0x10 C:\Users\pbuka\TEL320\TEL320\A111\NUCLEO-L476RG_A111\cortex_m4\rss\lib\libacconeer.a(acc_base_configuration.o)
                0x0000000008004fe8                acc_base_configuration_power_save_mode_get
 .text.acc_base_configuration_power_save_mode_set
                0x0000000008004ff8       0x10 C:\Users\pbuka\TEL320\TEL320\A111\NUCLEO-L476RG_A111\cortex_m4\rss\lib\libacconeer.a(acc_base_configuration.o)
                0x0000000008004ff8                acc_base_configuration_power_save_mode_set
 .text.acc_base_configuration_tx_disable_get
                0x0000000008005008       0x14 C:\Users\pbuka\TEL320\TEL320\A111\NUCLEO-L476RG_A111\cortex_m4\rss\lib\libacconeer.a(acc_base_configuration.o)
                0x0000000008005008                acc_base_configuration_tx_disable_get
 .text.acc_base_configuration_tx_disable_set
                0x000000000800501c       0x14 C:\Users\pbuka\TEL320\TEL320\A111\NUCLEO-L476RG_A111\cortex_m4\rss\lib\libacconeer.a(acc_base_configuration.o)
                0x000000000800501c                acc_base_configuration_tx_disable_set
 .text.acc_base_configuration_decrease_tx_emission_get
                0x0000000008005030       0x14 C:\Users\pbuka\TEL320\TEL320\A111\NUCLEO-L476RG_A111\cortex_m4\rss\lib\libacconeer.a(acc_base_configuration.o)
                0x0000000008005030                acc_base_configuration_decrease_tx_emission_get
 .text.acc_base_configuration_decrease_tx_emission_set
                0x0000000008005044       0x14 C:\Users\pbuka\TEL320\TEL320\A111\NUCLEO-L476RG_A111\cortex_m4\rss\lib\libacconeer.a(acc_base_configuration.o)
                0x0000000008005044                acc_base_configuration_decrease_tx_emission_set
 .text.acc_base_configuration_hw_accelerated_average_samples_get
                0x0000000008005058       0x14 C:\Users\pbuka\TEL320\TEL320\A111\NUCLEO-L476RG_A111\cortex_m4\rss\lib\libacconeer.a(acc_base_configuration.o)
                0x0000000008005058                acc_base_configuration_hw_accelerated_average_samples_get
 .text.acc_base_configuration_hw_accelerated_average_samples_set
                0x000000000800506c       0x10 C:\Users\pbuka\TEL320\TEL320\A111\NUCLEO-L476RG_A111\cortex_m4\rss\lib\libacconeer.a(acc_base_configuration.o)
                0x000000000800506c                acc_base_configuration_hw_accelerated_average_samples_set
 .text.acc_base_configuration_radar_engine_creation_set
                0x000000000800507c       0x10 C:\Users\pbuka\TEL320\TEL320\A111\NUCLEO-L476RG_A111\cortex_m4\rss\lib\libacconeer.a(acc_base_configuration.o)
                0x000000000800507c                acc_base_configuration_radar_engine_creation_set
 .text.acc_base_configuration_phase_compensation_alpha_get
                0x000000000800508c       0x1c C:\Users\pbuka\TEL320\TEL320\A111\NUCLEO-L476RG_A111\cortex_m4\rss\lib\libacconeer.a(acc_base_configuration.o)
                0x000000000800508c                acc_base_configuration_phase_compensation_alpha_get
 .text.acc_base_configuration_phase_compensation_alpha_set
                0x00000000080050a8       0x1c C:\Users\pbuka\TEL320\TEL320\A111\NUCLEO-L476RG_A111\cortex_m4\rss\lib\libacconeer.a(acc_base_configuration.o)
                0x00000000080050a8                acc_base_configuration_phase_compensation_alpha_set
 .text.acc_base_configuration_time_domain_low_pass_filter_alpha_get
                0x00000000080050c4       0x18 C:\Users\pbuka\TEL320\TEL320\A111\NUCLEO-L476RG_A111\cortex_m4\rss\lib\libacconeer.a(acc_base_configuration.o)
                0x00000000080050c4                acc_base_configuration_time_domain_low_pass_filter_alpha_get
 .text.acc_base_configuration_time_domain_low_pass_filter_alpha_set
                0x00000000080050dc       0x20 C:\Users\pbuka\TEL320\TEL320\A111\NUCLEO-L476RG_A111\cortex_m4\rss\lib\libacconeer.a(acc_base_configuration.o)
                0x00000000080050dc                acc_base_configuration_time_domain_low_pass_filter_alpha_set
 .text.acc_base_configuration_filter_demodulated_data_get
                0x00000000080050fc       0x10 C:\Users\pbuka\TEL320\TEL320\A111\NUCLEO-L476RG_A111\cortex_m4\rss\lib\libacconeer.a(acc_base_configuration.o)
                0x00000000080050fc                acc_base_configuration_filter_demodulated_data_get
 .text.acc_base_configuration_filter_demodulated_data_set
                0x000000000800510c       0x10 C:\Users\pbuka\TEL320\TEL320\A111\NUCLEO-L476RG_A111\cortex_m4\rss\lib\libacconeer.a(acc_base_configuration.o)
                0x000000000800510c                acc_base_configuration_filter_demodulated_data_set
 .text.acc_base_configuration_demodulation_filter_cutoff_freq_ratio_get
                0x000000000800511c       0x1c C:\Users\pbuka\TEL320\TEL320\A111\NUCLEO-L476RG_A111\cortex_m4\rss\lib\libacconeer.a(acc_base_configuration.o)
                0x000000000800511c                acc_base_configuration_demodulation_filter_cutoff_freq_ratio_get
 .text.acc_base_configuration_demodulation_filter_cutoff_freq_ratio_set
                0x0000000008005138       0x1c C:\Users\pbuka\TEL320\TEL320\A111\NUCLEO-L476RG_A111\cortex_m4\rss\lib\libacconeer.a(acc_base_configuration.o)
                0x0000000008005138                acc_base_configuration_demodulation_filter_cutoff_freq_ratio_set
 .text.acc_base_configuration_point_start_get
                0x0000000008005154       0x14 C:\Users\pbuka\TEL320\TEL320\A111\NUCLEO-L476RG_A111\cortex_m4\rss\lib\libacconeer.a(acc_base_configuration.o)
                0x0000000008005154                acc_base_configuration_point_start_get
 .text.acc_base_configuration_point_length_get
                0x0000000008005168       0x14 C:\Users\pbuka\TEL320\TEL320\A111\NUCLEO-L476RG_A111\cortex_m4\rss\lib\libacconeer.a(acc_base_configuration.o)
                0x0000000008005168                acc_base_configuration_point_length_get
 .text.acc_base_configuration_repetition_mode_get
                0x000000000800517c       0x10 C:\Users\pbuka\TEL320\TEL320\A111\NUCLEO-L476RG_A111\cortex_m4\rss\lib\libacconeer.a(acc_base_configuration.o)
                0x000000000800517c                acc_base_configuration_repetition_mode_get
 .text.acc_base_configuration_update_rate_get
                0x000000000800518c       0x30 C:\Users\pbuka\TEL320\TEL320\A111\NUCLEO-L476RG_A111\cortex_m4\rss\lib\libacconeer.a(acc_base_configuration.o)
                0x000000000800518c                acc_base_configuration_update_rate_get
 .text.acc_base_configuration_gain_get
                0x00000000080051bc       0x10 C:\Users\pbuka\TEL320\TEL320\A111\NUCLEO-L476RG_A111\cortex_m4\rss\lib\libacconeer.a(acc_base_configuration.o)
                0x00000000080051bc                acc_base_configuration_gain_get
 .text.acc_base_configuration_gain_set
                0x00000000080051cc       0x10 C:\Users\pbuka\TEL320\TEL320\A111\NUCLEO-L476RG_A111\cortex_m4\rss\lib\libacconeer.a(acc_base_configuration.o)
                0x00000000080051cc                acc_base_configuration_gain_set
 .text.acc_base_configuration_integrator_get
                0x00000000080051dc       0x14 C:\Users\pbuka\TEL320\TEL320\A111\NUCLEO-L476RG_A111\cortex_m4\rss\lib\libacconeer.a(acc_base_configuration.o)
                0x00000000080051dc                acc_base_configuration_integrator_get
 .text.acc_base_configuration_integrator_set
                0x00000000080051f0       0x14 C:\Users\pbuka\TEL320\TEL320\A111\NUCLEO-L476RG_A111\cortex_m4\rss\lib\libacconeer.a(acc_base_configuration.o)
                0x00000000080051f0                acc_base_configuration_integrator_set
 .text.acc_base_configuration_wg_duration_get
                0x0000000008005204       0x14 C:\Users\pbuka\TEL320\TEL320\A111\NUCLEO-L476RG_A111\cortex_m4\rss\lib\libacconeer.a(acc_base_configuration.o)
                0x0000000008005204                acc_base_configuration_wg_duration_get
 .text.acc_base_configuration_wg_duration_set
                0x0000000008005218       0x14 C:\Users\pbuka\TEL320\TEL320\A111\NUCLEO-L476RG_A111\cortex_m4\rss\lib\libacconeer.a(acc_base_configuration.o)
                0x0000000008005218                acc_base_configuration_wg_duration_set
 .text.acc_base_configuration_integrator_ramp_up_get
                0x000000000800522c       0x14 C:\Users\pbuka\TEL320\TEL320\A111\NUCLEO-L476RG_A111\cortex_m4\rss\lib\libacconeer.a(acc_base_configuration.o)
                0x000000000800522c                acc_base_configuration_integrator_ramp_up_get
 .text.acc_base_configuration_integrator_ramp_up_set
                0x0000000008005240       0x14 C:\Users\pbuka\TEL320\TEL320\A111\NUCLEO-L476RG_A111\cortex_m4\rss\lib\libacconeer.a(acc_base_configuration.o)
                0x0000000008005240                acc_base_configuration_integrator_ramp_up_set
 .text.acc_base_configuration_sampling_mode_get
                0x0000000008005254       0x14 C:\Users\pbuka\TEL320\TEL320\A111\NUCLEO-L476RG_A111\cortex_m4\rss\lib\libacconeer.a(acc_base_configuration.o)
                0x0000000008005254                acc_base_configuration_sampling_mode_get
 .text.acc_base_configuration_sweep_type_debug_set
                0x0000000008005268       0x14 C:\Users\pbuka\TEL320\TEL320\A111\NUCLEO-L476RG_A111\cortex_m4\rss\lib\libacconeer.a(acc_base_configuration.o)
                0x0000000008005268                acc_base_configuration_sweep_type_debug_set
 .text.acc_base_configuration_sweep_type_debug_get
                0x000000000800527c       0x14 C:\Users\pbuka\TEL320\TEL320\A111\NUCLEO-L476RG_A111\cortex_m4\rss\lib\libacconeer.a(acc_base_configuration.o)
                0x000000000800527c                acc_base_configuration_sweep_type_debug_get
 .text.acc_base_configuration_use_point_range_set
                0x0000000008005290       0x14 C:\Users\pbuka\TEL320\TEL320\A111\NUCLEO-L476RG_A111\cortex_m4\rss\lib\libacconeer.a(acc_base_configuration.o)
                0x0000000008005290                acc_base_configuration_use_point_range_set
 .text.acc_base_configuration_use_point_range_get
                0x00000000080052a4       0x14 C:\Users\pbuka\TEL320\TEL320\A111\NUCLEO-L476RG_A111\cortex_m4\rss\lib\libacconeer.a(acc_base_configuration.o)
                0x00000000080052a4                acc_base_configuration_use_point_range_get
 .text.acc_base_configuration_use_fast_dll_refresh_routine_set
                0x00000000080052b8       0x14 C:\Users\pbuka\TEL320\TEL320\A111\NUCLEO-L476RG_A111\cortex_m4\rss\lib\libacconeer.a(acc_base_configuration.o)
                0x00000000080052b8                acc_base_configuration_use_fast_dll_refresh_routine_set
 .text.acc_base_configuration_staggered_vga_stabilization_time_set
                0x00000000080052cc       0x14 C:\Users\pbuka\TEL320\TEL320\A111\NUCLEO-L476RG_A111\cortex_m4\rss\lib\libacconeer.a(acc_base_configuration.o)
                0x00000000080052cc                acc_base_configuration_staggered_vga_stabilization_time_set
 .text.acc_base_configuration_bba_reset_clocksync_perturbation_get
                0x00000000080052e0       0x14 C:\Users\pbuka\TEL320\TEL320\A111\NUCLEO-L476RG_A111\cortex_m4\rss\lib\libacconeer.a(acc_base_configuration.o)
                0x00000000080052e0                acc_base_configuration_bba_reset_clocksync_perturbation_get
 .text.acc_base_configuration_bba_linear_resync_perturbation_get
                0x00000000080052f4       0x14 C:\Users\pbuka\TEL320\TEL320\A111\NUCLEO-L476RG_A111\cortex_m4\rss\lib\libacconeer.a(acc_base_configuration.o)
                0x00000000080052f4                acc_base_configuration_bba_linear_resync_perturbation_get
 .text.acc_base_configuration_bba_fast_refresh_disable_get
                0x0000000008005308       0x14 C:\Users\pbuka\TEL320\TEL320\A111\NUCLEO-L476RG_A111\cortex_m4\rss\lib\libacconeer.a(acc_base_configuration.o)
                0x0000000008005308                acc_base_configuration_bba_fast_refresh_disable_get
 .text.acc_base_configuration_ignore_range_limits_get
                0x000000000800531c       0x14 C:\Users\pbuka\TEL320\TEL320\A111\NUCLEO-L476RG_A111\cortex_m4\rss\lib\libacconeer.a(acc_base_configuration.o)
                0x000000000800531c                acc_base_configuration_ignore_range_limits_get
 .text.acc_base_configuration_sparse_sweeps_per_frame_get
                0x0000000008005330       0x14 C:\Users\pbuka\TEL320\TEL320\A111\NUCLEO-L476RG_A111\cortex_m4\rss\lib\libacconeer.a(acc_base_configuration.o)
                0x0000000008005330                acc_base_configuration_sparse_sweeps_per_frame_get
 .text.acc_base_configuration_downsampling_factor_get
                0x0000000008005344       0x14 C:\Users\pbuka\TEL320\TEL320\A111\NUCLEO-L476RG_A111\cortex_m4\rss\lib\libacconeer.a(acc_base_configuration.o)
                0x0000000008005344                acc_base_configuration_downsampling_factor_get
 .text.acc_base_configuration_downsampling_factor_set
                0x0000000008005358       0x14 C:\Users\pbuka\TEL320\TEL320\A111\NUCLEO-L476RG_A111\cortex_m4\rss\lib\libacconeer.a(acc_base_configuration.o)
                0x0000000008005358                acc_base_configuration_downsampling_factor_set
 .text.acc_base_configuration_noise_level_normalization_get
                0x000000000800536c       0x14 C:\Users\pbuka\TEL320\TEL320\A111\NUCLEO-L476RG_A111\cortex_m4\rss\lib\libacconeer.a(acc_base_configuration.o)
                0x000000000800536c                acc_base_configuration_noise_level_normalization_get
 .text.acc_base_configuration_noise_level_normalization_set
                0x0000000008005380       0x14 C:\Users\pbuka\TEL320\TEL320\A111\NUCLEO-L476RG_A111\cortex_m4\rss\lib\libacconeer.a(acc_base_configuration.o)
                0x0000000008005380                acc_base_configuration_noise_level_normalization_set
 .text.acc_base_configuration_noise_deviation_override_get
                0x0000000008005394       0x14 C:\Users\pbuka\TEL320\TEL320\A111\NUCLEO-L476RG_A111\cortex_m4\rss\lib\libacconeer.a(acc_base_configuration.o)
                0x0000000008005394                acc_base_configuration_noise_deviation_override_get
 .text.acc_base_configuration_asynchronous_measurement_get
                0x00000000080053a8       0x14 C:\Users\pbuka\TEL320\TEL320\A111\NUCLEO-L476RG_A111\cortex_m4\rss\lib\libacconeer.a(acc_base_configuration.o)
                0x00000000080053a8                acc_base_configuration_asynchronous_measurement_get
 .text.acc_base_configuration_asynchronous_measurement_set
                0x00000000080053bc       0x14 C:\Users\pbuka\TEL320\TEL320\A111\NUCLEO-L476RG_A111\cortex_m4\rss\lib\libacconeer.a(acc_base_configuration.o)
                0x00000000080053bc                acc_base_configuration_asynchronous_measurement_set
 .text.acc_base_configuration_min_pipeline_memory_size_get
                0x00000000080053d0       0x14 C:\Users\pbuka\TEL320\TEL320\A111\NUCLEO-L476RG_A111\cortex_m4\rss\lib\libacconeer.a(acc_base_configuration.o)
                0x00000000080053d0                acc_base_configuration_min_pipeline_memory_size_get
 .text.acc_base_configuration_min_pipeline_memory_size_set
                0x00000000080053e4       0x14 C:\Users\pbuka\TEL320\TEL320\A111\NUCLEO-L476RG_A111\cortex_m4\rss\lib\libacconeer.a(acc_base_configuration.o)
                0x00000000080053e4                acc_base_configuration_min_pipeline_memory_size_set
 .text.acc_base_configuration_maximize_signal_attenuation_get
                0x00000000080053f8       0x14 C:\Users\pbuka\TEL320\TEL320\A111\NUCLEO-L476RG_A111\cortex_m4\rss\lib\libacconeer.a(acc_base_configuration.o)
                0x00000000080053f8                acc_base_configuration_maximize_signal_attenuation_get
 .text.acc_base_configuration_maximize_signal_attenuation_set
                0x000000000800540c       0x14 C:\Users\pbuka\TEL320\TEL320\A111\NUCLEO-L476RG_A111\cortex_m4\rss\lib\libacconeer.a(acc_base_configuration.o)
                0x000000000800540c                acc_base_configuration_maximize_signal_attenuation_set
 .text.acc_base_configuration_cca_get
                0x0000000008005420       0x24 C:\Users\pbuka\TEL320\TEL320\A111\NUCLEO-L476RG_A111\cortex_m4\rss\lib\libacconeer.a(acc_base_configuration.o)
                0x0000000008005420                acc_base_configuration_cca_get
 .text.acc_base_configuration_cca_set
                0x0000000008005444       0x20 C:\Users\pbuka\TEL320\TEL320\A111\NUCLEO-L476RG_A111\cortex_m4\rss\lib\libacconeer.a(acc_base_configuration.o)
                0x0000000008005444                acc_base_configuration_cca_set
 .text.acc_base_configuration_mur_set
                0x0000000008005464       0x14 C:\Users\pbuka\TEL320\TEL320\A111\NUCLEO-L476RG_A111\cortex_m4\rss\lib\libacconeer.a(acc_base_configuration.o)
                0x0000000008005464                acc_base_configuration_mur_set
 .text.acc_base_configuration_sampling_mode_to_string
                0x0000000008005478       0x20 C:\Users\pbuka\TEL320\TEL320\A111\NUCLEO-L476RG_A111\cortex_m4\rss\lib\libacconeer.a(acc_base_configuration.o)
                0x0000000008005478                acc_base_configuration_sampling_mode_to_string
 .text.acc_base_configuration_print
                0x0000000008005498       0xc0 C:\Users\pbuka\TEL320\TEL320\A111\NUCLEO-L476RG_A111\cortex_m4\rss\lib\libacconeer.a(acc_base_configuration.o)
                0x0000000008005498                acc_base_configuration_print
 .text.acc_base_configuration_check
                0x0000000008005558       0xcc C:\Users\pbuka\TEL320\TEL320\A111\NUCLEO-L476RG_A111\cortex_m4\rss\lib\libacconeer.a(acc_base_configuration.o)
                0x0000000008005558                acc_base_configuration_check
 .text.acc_rss_integration_register
                0x0000000008005624       0x80 C:\Users\pbuka\TEL320\TEL320\A111\NUCLEO-L476RG_A111\cortex_m4\rss\lib\libacconeer.a(acc_rss_integration.o)
                0x0000000008005624                acc_rss_integration_register
 .text.acc_rss_integration_unregister
                0x00000000080056a4       0x10 C:\Users\pbuka\TEL320\TEL320\A111\NUCLEO-L476RG_A111\cortex_m4\rss\lib\libacconeer.a(acc_rss_integration.o)
                0x00000000080056a4                acc_rss_integration_unregister
 .text.acc_rss_integration_get_sensor_count
                0x00000000080056b4        0xc C:\Users\pbuka\TEL320\TEL320\A111\NUCLEO-L476RG_A111\cortex_m4\rss\lib\libacconeer.a(acc_rss_integration.o)
                0x00000000080056b4                acc_rss_integration_get_sensor_count
 .text.acc_rss_integration_get_sensor_reference_frequency
                0x00000000080056c0        0xc C:\Users\pbuka\TEL320\TEL320\A111\NUCLEO-L476RG_A111\cortex_m4\rss\lib\libacconeer.a(acc_rss_integration.o)
                0x00000000080056c0                acc_rss_integration_get_sensor_reference_frequency
 .text.acc_rss_integration_get_max_spi_transfer_size
                0x00000000080056cc        0xc C:\Users\pbuka\TEL320\TEL320\A111\NUCLEO-L476RG_A111\cortex_m4\rss\lib\libacconeer.a(acc_rss_integration.o)
                0x00000000080056cc                acc_rss_integration_get_max_spi_transfer_size
 .text.acc_rss_integration_sensor_device_power_on
                0x00000000080056d8        0xc C:\Users\pbuka\TEL320\TEL320\A111\NUCLEO-L476RG_A111\cortex_m4\rss\lib\libacconeer.a(acc_rss_integration.o)
                0x00000000080056d8                acc_rss_integration_sensor_device_power_on
 .text.acc_rss_integration_sensor_device_power_off
                0x00000000080056e4        0xc C:\Users\pbuka\TEL320\TEL320\A111\NUCLEO-L476RG_A111\cortex_m4\rss\lib\libacconeer.a(acc_rss_integration.o)
                0x00000000080056e4                acc_rss_integration_sensor_device_power_off
 .text.acc_rss_integration_sensor_device_hibernate_enter
                0x00000000080056f0       0x10 C:\Users\pbuka\TEL320\TEL320\A111\NUCLEO-L476RG_A111\cortex_m4\rss\lib\libacconeer.a(acc_rss_integration.o)
                0x00000000080056f0                acc_rss_integration_sensor_device_hibernate_enter
 .text.acc_rss_integration_sensor_device_hibernate_exit
                0x0000000008005700       0x10 C:\Users\pbuka\TEL320\TEL320\A111\NUCLEO-L476RG_A111\cortex_m4\rss\lib\libacconeer.a(acc_rss_integration.o)
                0x0000000008005700                acc_rss_integration_sensor_device_hibernate_exit
 .text.acc_rss_integration_is_hibernate_capable
                0x0000000008005710       0x10 C:\Users\pbuka\TEL320\TEL320\A111\NUCLEO-L476RG_A111\cortex_m4\rss\lib\libacconeer.a(acc_rss_integration.o)
                0x0000000008005710                acc_rss_integration_is_hibernate_capable
 .text.acc_rss_integration_wait_for_sensor_interrupt
                0x0000000008005720        0xc C:\Users\pbuka\TEL320\TEL320\A111\NUCLEO-L476RG_A111\cortex_m4\rss\lib\libacconeer.a(acc_rss_integration.o)
                0x0000000008005720                acc_rss_integration_wait_for_sensor_interrupt
 .text.acc_rss_integration_sensor_device_transfer
                0x000000000800572c       0x4c C:\Users\pbuka\TEL320\TEL320\A111\NUCLEO-L476RG_A111\cortex_m4\rss\lib\libacconeer.a(acc_rss_integration.o)
                0x000000000800572c                acc_rss_integration_sensor_device_transfer
 .text.acc_rss_integration_mem_alloc_debug
                0x0000000008005778       0x48 C:\Users\pbuka\TEL320\TEL320\A111\NUCLEO-L476RG_A111\cortex_m4\rss\lib\libacconeer.a(acc_rss_integration.o)
                0x0000000008005778                acc_rss_integration_mem_alloc_debug
 .text.acc_rss_integration_mem_calloc_debug
                0x00000000080057c0       0x3c C:\Users\pbuka\TEL320\TEL320\A111\NUCLEO-L476RG_A111\cortex_m4\rss\lib\libacconeer.a(acc_rss_integration.o)
                0x00000000080057c0                acc_rss_integration_mem_calloc_debug
 .text.acc_rss_integration_mem_free
                0x00000000080057fc       0x24 C:\Users\pbuka\TEL320\TEL320\A111\NUCLEO-L476RG_A111\cortex_m4\rss\lib\libacconeer.a(acc_rss_integration.o)
                0x00000000080057fc                acc_rss_integration_mem_free
 .text.acc_rss_integration_log_level
                0x0000000008005820        0xc C:\Users\pbuka\TEL320\TEL320\A111\NUCLEO-L476RG_A111\cortex_m4\rss\lib\libacconeer.a(acc_rss_integration.o)
                0x0000000008005820                acc_rss_integration_log_level
 .text.inject_data
                0x000000000800582c        0x8 C:\Users\pbuka\TEL320\TEL320\A111\NUCLEO-L476RG_A111\cortex_m4\rss\lib\libacconeer.a(acc_pipeline_envelope.o)
 .text.disassemble
                0x0000000008005834       0x28 C:\Users\pbuka\TEL320\TEL320\A111\NUCLEO-L476RG_A111\cortex_m4\rss\lib\libacconeer.a(acc_pipeline_envelope.o)
 .text.produce  0x000000000800585c       0x28 C:\Users\pbuka\TEL320\TEL320\A111\NUCLEO-L476RG_A111\cortex_m4\rss\lib\libacconeer.a(acc_pipeline_envelope.o)
 .text.acc_pipeline_envelope_assemble
                0x0000000008005884      0x474 C:\Users\pbuka\TEL320\TEL320\A111\NUCLEO-L476RG_A111\cortex_m4\rss\lib\libacconeer.a(acc_pipeline_envelope.o)
                0x0000000008005884                acc_pipeline_envelope_assemble
 .text.destroy  0x0000000008005cf8       0x14 C:\Users\pbuka\TEL320\TEL320\A111\NUCLEO-L476RG_A111\cortex_m4\rss\lib\libacconeer.a(acc_radar_engine_linear.o)
 .text.process_data
                0x0000000008005d0c       0x8c C:\Users\pbuka\TEL320\TEL320\A111\NUCLEO-L476RG_A111\cortex_m4\rss\lib\libacconeer.a(acc_radar_engine_linear.o)
 .text.transfer_data
                0x0000000008005d98       0xac C:\Users\pbuka\TEL320\TEL320\A111\NUCLEO-L476RG_A111\cortex_m4\rss\lib\libacconeer.a(acc_radar_engine_linear.o)
 .text.measure_noise
                0x0000000008005e44      0x12c C:\Users\pbuka\TEL320\TEL320\A111\NUCLEO-L476RG_A111\cortex_m4\rss\lib\libacconeer.a(acc_radar_engine_linear.o)
 .text.calibrate
                0x0000000008005f70      0x144 C:\Users\pbuka\TEL320\TEL320\A111\NUCLEO-L476RG_A111\cortex_m4\rss\lib\libacconeer.a(acc_radar_engine_linear.o)
 .text.set_calibration_context
                0x00000000080060b4       0xbc C:\Users\pbuka\TEL320\TEL320\A111\NUCLEO-L476RG_A111\cortex_m4\rss\lib\libacconeer.a(acc_radar_engine_linear.o)
 .text.get_package_range_coarse_max
                0x0000000008006170       0x3c C:\Users\pbuka\TEL320\TEL320\A111\NUCLEO-L476RG_A111\cortex_m4\rss\lib\libacconeer.a(acc_radar_engine_linear.o)
 .text.initialize
                0x00000000080061ac      0x2cc C:\Users\pbuka\TEL320\TEL320\A111\NUCLEO-L476RG_A111\cortex_m4\rss\lib\libacconeer.a(acc_radar_engine_linear.o)
 .text.coarse_count_for_next_package
                0x0000000008006478       0x30 C:\Users\pbuka\TEL320\TEL320\A111\NUCLEO-L476RG_A111\cortex_m4\rss\lib\libacconeer.a(acc_radar_engine_linear.o)
 .text.update_program
                0x00000000080064a8       0xb0 C:\Users\pbuka\TEL320\TEL320\A111\NUCLEO-L476RG_A111\cortex_m4\rss\lib\libacconeer.a(acc_radar_engine_linear.o)
 .text.start    0x0000000008006558      0x104 C:\Users\pbuka\TEL320\TEL320\A111\NUCLEO-L476RG_A111\cortex_m4\rss\lib\libacconeer.a(acc_radar_engine_linear.o)
 .text.acc_radar_engine_linear_create
                0x000000000800665c       0x50 C:\Users\pbuka\TEL320\TEL320\A111\NUCLEO-L476RG_A111\cortex_m4\rss\lib\libacconeer.a(acc_radar_engine_linear.o)
                0x000000000800665c                acc_radar_engine_linear_create
 .text.acc_radar_engine_common_get_timeout_ms
                0x00000000080066ac       0x34 C:\Users\pbuka\TEL320\TEL320\A111\NUCLEO-L476RG_A111\cortex_m4\rss\lib\libacconeer.a(acc_radar_engine_common.o)
                0x00000000080066ac                acc_radar_engine_common_get_timeout_ms
 .text.acc_radar_engine_common_frequency_to_main_clk
                0x00000000080066e0       0x2c C:\Users\pbuka\TEL320\TEL320\A111\NUCLEO-L476RG_A111\cortex_m4\rss\lib\libacconeer.a(acc_radar_engine_common.o)
                0x00000000080066e0                acc_radar_engine_common_frequency_to_main_clk
 .text.get_dt   0x000000000800670c       0x30 C:\Users\pbuka\TEL320\TEL320\A111\NUCLEO-L476RG_A111\cortex_m4\rss\lib\libacconeer.a(acc_radar_engine_common_sweep_w_dly.o)
 .text.points_to_meter
                0x000000000800673c       0x34 C:\Users\pbuka\TEL320\TEL320\A111\NUCLEO-L476RG_A111\cortex_m4\rss\lib\libacconeer.a(acc_radar_engine_common_sweep_w_dly.o)
 .text.acc_radar_engine_common_sweep_w_dly_initialize_range
                0x0000000008006770      0x598 C:\Users\pbuka\TEL320\TEL320\A111\NUCLEO-L476RG_A111\cortex_m4\rss\lib\libacconeer.a(acc_radar_engine_common_sweep_w_dly.o)
                0x0000000008006770                acc_radar_engine_common_sweep_w_dly_initialize_range
 .text.acc_radar_engine_common_sweep_w_dly_stitching_required
                0x0000000008006d08        0xc C:\Users\pbuka\TEL320\TEL320\A111\NUCLEO-L476RG_A111\cortex_m4\rss\lib\libacconeer.a(acc_radar_engine_common_sweep_w_dly.o)
                0x0000000008006d08                acc_radar_engine_common_sweep_w_dly_stitching_required
 .text.internal_buffer_processed_read
                0x0000000008006d14       0xac C:\Users\pbuka\TEL320\TEL320\A111\NUCLEO-L476RG_A111\cortex_m4\rss\lib\libacconeer.a(acc_sensor_comm_r2.o)
 .text.acc_sensor_r2_get_max_header_length
                0x0000000008006dc0        0x4 C:\Users\pbuka\TEL320\TEL320\A111\NUCLEO-L476RG_A111\cortex_m4\rss\lib\libacconeer.a(acc_sensor_comm_r2.o)
                0x0000000008006dc0                acc_sensor_r2_get_max_header_length
 .text.acc_sensor_r2_conf_write_instr
                0x0000000008006dc4       0x2c C:\Users\pbuka\TEL320\TEL320\A111\NUCLEO-L476RG_A111\cortex_m4\rss\lib\libacconeer.a(acc_sensor_comm_r2.o)
                0x0000000008006dc4                acc_sensor_r2_conf_write_instr
 .text.acc_sensor_r2_prepare_load_confmem
                0x0000000008006df0       0x30 C:\Users\pbuka\TEL320\TEL320\A111\NUCLEO-L476RG_A111\cortex_m4\rss\lib\libacconeer.a(acc_sensor_comm_r2.o)
                0x0000000008006df0                acc_sensor_r2_prepare_load_confmem
 .text.acc_sensor_r2_load_confmem
                0x0000000008006e20       0x70 C:\Users\pbuka\TEL320\TEL320\A111\NUCLEO-L476RG_A111\cortex_m4\rss\lib\libacconeer.a(acc_sensor_comm_r2.o)
                0x0000000008006e20                acc_sensor_r2_load_confmem
 .text.acc_sensor_r2_buffer_processed_verify_size
                0x0000000008006e90       0x10 C:\Users\pbuka\TEL320\TEL320\A111\NUCLEO-L476RG_A111\cortex_m4\rss\lib\libacconeer.a(acc_sensor_comm_r2.o)
                0x0000000008006e90                acc_sensor_r2_buffer_processed_verify_size
 .text.acc_sensor_r2_buffer_processed_read
                0x0000000008006ea0       0x10 C:\Users\pbuka\TEL320\TEL320\A111\NUCLEO-L476RG_A111\cortex_m4\rss\lib\libacconeer.a(acc_sensor_comm_r2.o)
                0x0000000008006ea0                acc_sensor_r2_buffer_processed_read
 .text.acc_sensor_manager_power_on_and_start_sensor
                0x0000000008006eb0       0x3c C:\Users\pbuka\TEL320\TEL320\A111\NUCLEO-L476RG_A111\cortex_m4\rss\lib\libacconeer.a(acc_sensor_manager.o)
 .text.calibrate_sensor
                0x0000000008006eec       0xdc C:\Users\pbuka\TEL320\TEL320\A111\NUCLEO-L476RG_A111\cortex_m4\rss\lib\libacconeer.a(acc_sensor_manager.o)
 .text.acc_sensor_manager_hibernate_enter
                0x0000000008006fc8       0x34 C:\Users\pbuka\TEL320\TEL320\A111\NUCLEO-L476RG_A111\cortex_m4\rss\lib\libacconeer.a(acc_sensor_manager.o)
 .text.acc_sensor_manager_activate
                0x0000000008006ffc       0x78 C:\Users\pbuka\TEL320\TEL320\A111\NUCLEO-L476RG_A111\cortex_m4\rss\lib\libacconeer.a(acc_sensor_manager.o)
                0x0000000008006ffc                acc_sensor_manager_activate
 .text.acc_sensor_manager_deactivate
                0x0000000008007074       0x20 C:\Users\pbuka\TEL320\TEL320\A111\NUCLEO-L476RG_A111\cortex_m4\rss\lib\libacconeer.a(acc_sensor_manager.o)
                0x0000000008007074                acc_sensor_manager_deactivate
 .text.acc_sensor_manager_acquire_adc_data
                0x0000000008007094      0x11c C:\Users\pbuka\TEL320\TEL320\A111\NUCLEO-L476RG_A111\cortex_m4\rss\lib\libacconeer.a(acc_sensor_manager.o)
                0x0000000008007094                acc_sensor_manager_acquire_adc_data
 .text.acc_sensor_manager_prepare_radar_engine
                0x00000000080071b0       0x98 C:\Users\pbuka\TEL320\TEL320\A111\NUCLEO-L476RG_A111\cortex_m4\rss\lib\libacconeer.a(acc_sensor_manager.o)
                0x00000000080071b0                acc_sensor_manager_prepare_radar_engine
 .text.acc_sensor_manager_prepare_measurement
                0x0000000008007248      0x100 C:\Users\pbuka\TEL320\TEL320\A111\NUCLEO-L476RG_A111\cortex_m4\rss\lib\libacconeer.a(acc_sensor_manager.o)
                0x0000000008007248                acc_sensor_manager_prepare_measurement
 .text.acc_sensor_manager_start_measurement
                0x0000000008007348       0x74 C:\Users\pbuka\TEL320\TEL320\A111\NUCLEO-L476RG_A111\cortex_m4\rss\lib\libacconeer.a(acc_sensor_manager.o)
                0x0000000008007348                acc_sensor_manager_start_measurement
 .text.acc_sensor_manager_stop_measurement
                0x00000000080073bc       0x18 C:\Users\pbuka\TEL320\TEL320\A111\NUCLEO-L476RG_A111\cortex_m4\rss\lib\libacconeer.a(acc_sensor_manager.o)
                0x00000000080073bc                acc_sensor_manager_stop_measurement
 .text.acc_sensor_manager_release_measurement
                0x00000000080073d4       0x28 C:\Users\pbuka\TEL320\TEL320\A111\NUCLEO-L476RG_A111\cortex_m4\rss\lib\libacconeer.a(acc_sensor_manager.o)
                0x00000000080073d4                acc_sensor_manager_release_measurement
 .text.acc_sensor_manager_get_sensor_id
                0x00000000080073fc        0x4 C:\Users\pbuka\TEL320\TEL320\A111\NUCLEO-L476RG_A111\cortex_m4\rss\lib\libacconeer.a(acc_sensor_manager.o)
                0x00000000080073fc                acc_sensor_manager_get_sensor_id
 .text.acc_sensor_protocol_r2_prepare_load
                0x0000000008007400       0xc8 C:\Users\pbuka\TEL320\TEL320\A111\NUCLEO-L476RG_A111\cortex_m4\rss\lib\libacconeer.a(acc_sensor_protocol_r2.o)
                0x0000000008007400                acc_sensor_protocol_r2_prepare_load
 .text.acc_sensor_protocol_r2_run_program
                0x00000000080074c8       0xa0 C:\Users\pbuka\TEL320\TEL320\A111\NUCLEO-L476RG_A111\cortex_m4\rss\lib\libacconeer.a(acc_sensor_protocol_r2.o)
                0x00000000080074c8                acc_sensor_protocol_r2_run_program
 .text.acc_sensor_protocol_r2_terminate_program
                0x0000000008007568       0x54 C:\Users\pbuka\TEL320\TEL320\A111\NUCLEO-L476RG_A111\cortex_m4\rss\lib\libacconeer.a(acc_sensor_protocol_r2.o)
                0x0000000008007568                acc_sensor_protocol_r2_terminate_program
 .text.acc_sensor_protocol_r2_is_sensor_running
                0x00000000080075bc       0x24 C:\Users\pbuka\TEL320\TEL320\A111\NUCLEO-L476RG_A111\cortex_m4\rss\lib\libacconeer.a(acc_sensor_protocol_r2.o)
                0x00000000080075bc                acc_sensor_protocol_r2_is_sensor_running
 .text.acc_sensor_protocol_r2_ack_event
                0x00000000080075e0       0x48 C:\Users\pbuka\TEL320\TEL320\A111\NUCLEO-L476RG_A111\cortex_m4\rss\lib\libacconeer.a(acc_sensor_protocol_r2.o)
                0x00000000080075e0                acc_sensor_protocol_r2_ack_event
 .text.acc_sensor_protocol_r2_get_event
                0x0000000008007628       0xd4 C:\Users\pbuka\TEL320\TEL320\A111\NUCLEO-L476RG_A111\cortex_m4\rss\lib\libacconeer.a(acc_sensor_protocol_r2.o)
                0x0000000008007628                acc_sensor_protocol_r2_get_event
 .text.acc_sensor_protocol_r2_wait_for_event
                0x00000000080076fc       0xd4 C:\Users\pbuka\TEL320\TEL320\A111\NUCLEO-L476RG_A111\cortex_m4\rss\lib\libacconeer.a(acc_sensor_protocol_r2.o)
                0x00000000080076fc                acc_sensor_protocol_r2_wait_for_event
 .text.acc_sensor_protocol_r2_wait_for_specific_event
                0x00000000080077d0       0x54 C:\Users\pbuka\TEL320\TEL320\A111\NUCLEO-L476RG_A111\cortex_m4\rss\lib\libacconeer.a(acc_sensor_protocol_r2.o)
                0x00000000080077d0                acc_sensor_protocol_r2_wait_for_specific_event
 .text.acc_sensor_protocol_r2_wait_for_hibernate_ready
                0x0000000008007824        0x8 C:\Users\pbuka\TEL320\TEL320\A111\NUCLEO-L476RG_A111\cortex_m4\rss\lib\libacconeer.a(acc_sensor_protocol_r2.o)
                0x0000000008007824                acc_sensor_protocol_r2_wait_for_hibernate_ready
 .text.acc_sensor_protocol_r2_stop
                0x000000000800782c       0x64 C:\Users\pbuka\TEL320\TEL320\A111\NUCLEO-L476RG_A111\cortex_m4\rss\lib\libacconeer.a(acc_sensor_protocol_r2.o)
                0x000000000800782c                acc_sensor_protocol_r2_stop
 .text.acc_sensor_protocol_r2_wait_for_radar_data
                0x0000000008007890       0xac C:\Users\pbuka\TEL320\TEL320\A111\NUCLEO-L476RG_A111\cortex_m4\rss\lib\libacconeer.a(acc_sensor_protocol_r2.o)
                0x0000000008007890                acc_sensor_protocol_r2_wait_for_radar_data
 .text.acc_sensor_protocol_r2_wait_for_sync_start
                0x000000000800793c       0x54 C:\Users\pbuka\TEL320\TEL320\A111\NUCLEO-L476RG_A111\cortex_m4\rss\lib\libacconeer.a(acc_sensor_protocol_r2.o)
                0x000000000800793c                acc_sensor_protocol_r2_wait_for_sync_start
 .text.acc_sensor_protocol_r2_transfer_data
                0x0000000008007990       0x24 C:\Users\pbuka\TEL320\TEL320\A111\NUCLEO-L476RG_A111\cortex_m4\rss\lib\libacconeer.a(acc_sensor_protocol_r2.o)
                0x0000000008007990                acc_sensor_protocol_r2_transfer_data
 .text.acc_sensor_protocol_r2_check_asic_id
                0x00000000080079b4       0x50 C:\Users\pbuka\TEL320\TEL320\A111\NUCLEO-L476RG_A111\cortex_m4\rss\lib\libacconeer.a(acc_sensor_protocol_r2.o)
                0x00000000080079b4                acc_sensor_protocol_r2_check_asic_id
 .text.acc_sweep_manager_prepare
                0x0000000008007a04      0x134 C:\Users\pbuka\TEL320\TEL320\A111\NUCLEO-L476RG_A111\cortex_m4\rss\lib\libacconeer.a(acc_sweep_manager.o)
                0x0000000008007a04                acc_sweep_manager_prepare
 .text.acc_sweep_manager_release
                0x0000000008007b38       0x10 C:\Users\pbuka\TEL320\TEL320\A111\NUCLEO-L476RG_A111\cortex_m4\rss\lib\libacconeer.a(acc_sweep_manager.o)
                0x0000000008007b38                acc_sweep_manager_release
 .text.acc_sweep_manager_is_sensor_connected
                0x0000000008007b48        0x8 C:\Users\pbuka\TEL320\TEL320\A111\NUCLEO-L476RG_A111\cortex_m4\rss\lib\libacconeer.a(acc_sweep_manager.o)
                0x0000000008007b48                acc_sweep_manager_is_sensor_connected
 .text.acc_sweep_manager_calibrate
                0x0000000008007b50       0x14 C:\Users\pbuka\TEL320\TEL320\A111\NUCLEO-L476RG_A111\cortex_m4\rss\lib\libacconeer.a(acc_sweep_manager.o)
                0x0000000008007b50                acc_sweep_manager_calibrate
 .text.acc_sweep_manager_measure_noise
                0x0000000008007b64       0x2c C:\Users\pbuka\TEL320\TEL320\A111\NUCLEO-L476RG_A111\cortex_m4\rss\lib\libacconeer.a(acc_sweep_manager.o)
                0x0000000008007b64                acc_sweep_manager_measure_noise
 .text.acc_sweep_manager_start
                0x0000000008007b90       0x24 C:\Users\pbuka\TEL320\TEL320\A111\NUCLEO-L476RG_A111\cortex_m4\rss\lib\libacconeer.a(acc_sweep_manager.o)
                0x0000000008007b90                acc_sweep_manager_start
 .text.acc_sweep_manager_wait_for_data
                0x0000000008007bb4        0xc C:\Users\pbuka\TEL320\TEL320\A111\NUCLEO-L476RG_A111\cortex_m4\rss\lib\libacconeer.a(acc_sweep_manager.o)
                0x0000000008007bb4                acc_sweep_manager_wait_for_data
 .text.acc_sweep_manager_wait_for_hibernate_ready
                0x0000000008007bc0        0x8 C:\Users\pbuka\TEL320\TEL320\A111\NUCLEO-L476RG_A111\cortex_m4\rss\lib\libacconeer.a(acc_sweep_manager.o)
                0x0000000008007bc0                acc_sweep_manager_wait_for_hibernate_ready
 .text.acc_sweep_manager_measure
                0x0000000008007bc8        0x8 C:\Users\pbuka\TEL320\TEL320\A111\NUCLEO-L476RG_A111\cortex_m4\rss\lib\libacconeer.a(acc_sweep_manager.o)
                0x0000000008007bc8                acc_sweep_manager_measure
 .text.acc_sweep_manager_acquire_adc_data
                0x0000000008007bd0       0x3c C:\Users\pbuka\TEL320\TEL320\A111\NUCLEO-L476RG_A111\cortex_m4\rss\lib\libacconeer.a(acc_sweep_manager.o)
                0x0000000008007bd0                acc_sweep_manager_acquire_adc_data
 .text.acc_alg_cca_u16_calculate
                0x0000000008007c0c       0x5c C:\Users\pbuka\TEL320\TEL320\A111\NUCLEO-L476RG_A111\cortex_m4\rss\lib\libacconeer.a(acc_alg_cca.o)
                0x0000000008007c0c                acc_alg_cca_u16_calculate
 .text.acc_assert_fail
                0x0000000008007c68       0x30 C:\Users\pbuka\TEL320\TEL320\A111\NUCLEO-L476RG_A111\cortex_m4\rss\lib\libacconeer.a(acc_assert.o)
                0x0000000008007c68                acc_assert_fail
 .text.acc_element_sizeof
                0x0000000008007c98       0x18 C:\Users\pbuka\TEL320\TEL320\A111\NUCLEO-L476RG_A111\cortex_m4\rss\lib\libacconeer.a(acc_element.o)
                0x0000000008007c98                acc_element_sizeof
 .text.acc_element_connect
                0x0000000008007cb0        0x4 C:\Users\pbuka\TEL320\TEL320\A111\NUCLEO-L476RG_A111\cortex_m4\rss\lib\libacconeer.a(acc_element.o)
                0x0000000008007cb0                acc_element_connect
 .text.event    0x0000000008007cb4       0x24 C:\Users\pbuka\TEL320\TEL320\A111\NUCLEO-L476RG_A111\cortex_m4\rss\lib\libacconeer.a(acc_element_saturation_check.o)
 .text.reset    0x0000000008007cd8        0x8 C:\Users\pbuka\TEL320\TEL320\A111\NUCLEO-L476RG_A111\cortex_m4\rss\lib\libacconeer.a(acc_element_saturation_check.o)
 .text.validate
                0x0000000008007ce0       0x4c C:\Users\pbuka\TEL320\TEL320\A111\NUCLEO-L476RG_A111\cortex_m4\rss\lib\libacconeer.a(acc_element_saturation_check.o)
 .text.saturation_check_i16
                0x0000000008007d2c        0x4 C:\Users\pbuka\TEL320\TEL320\A111\NUCLEO-L476RG_A111\cortex_m4\rss\lib\libacconeer.a(acc_element_saturation_check.o)
 .text.saturation_check_u16
                0x0000000008007d30        0x4 C:\Users\pbuka\TEL320\TEL320\A111\NUCLEO-L476RG_A111\cortex_m4\rss\lib\libacconeer.a(acc_element_saturation_check.o)
 .text.acc_element_saturation_check_init
                0x0000000008007d34       0x60 C:\Users\pbuka\TEL320\TEL320\A111\NUCLEO-L476RG_A111\cortex_m4\rss\lib\libacconeer.a(acc_element_saturation_check.o)
                0x0000000008007d34                acc_element_saturation_check_init
 .text.consume  0x0000000008007d94       0x18 C:\Users\pbuka\TEL320\TEL320\A111\NUCLEO-L476RG_A111\cortex_m4\rss\lib\libacconeer.a(acc_element_sink_callback.o)
 .text.reset    0x0000000008007dac        0x4 C:\Users\pbuka\TEL320\TEL320\A111\NUCLEO-L476RG_A111\cortex_m4\rss\lib\libacconeer.a(acc_element_sink_callback.o)
 .text.validate
                0x0000000008007db0       0x64 C:\Users\pbuka\TEL320\TEL320\A111\NUCLEO-L476RG_A111\cortex_m4\rss\lib\libacconeer.a(acc_element_sink_callback.o)
 .text.acc_element_sink_callback_init
                0x0000000008007e14       0x24 C:\Users\pbuka\TEL320\TEL320\A111\NUCLEO-L476RG_A111\cortex_m4\rss\lib\libacconeer.a(acc_element_sink_callback.o)
                0x0000000008007e14                acc_element_sink_callback_init
 .text.acc_probes_execute_uint16
                0x0000000008007e38       0x2c C:\Users\pbuka\TEL320\TEL320\A111\NUCLEO-L476RG_A111\cortex_m4\rss\lib\libacconeer.a(acc_probes.o)
                0x0000000008007e38                acc_probes_execute_uint16
 .text.acc_probes_execute_struct
                0x0000000008007e64       0x30 C:\Users\pbuka\TEL320\TEL320\A111\NUCLEO-L476RG_A111\cortex_m4\rss\lib\libacconeer.a(acc_probes.o)
                0x0000000008007e64                acc_probes_execute_struct
 .text.acc_probes_execute_primitive_probe
                0x0000000008007e94       0x30 C:\Users\pbuka\TEL320\TEL320\A111\NUCLEO-L476RG_A111\cortex_m4\rss\lib\libacconeer.a(acc_probes.o)
                0x0000000008007e94                acc_probes_execute_primitive_probe
 .text.acc_sensor_reg_read
                0x0000000008007ec4       0x2c C:\Users\pbuka\TEL320\TEL320\A111\NUCLEO-L476RG_A111\cortex_m4\rss\lib\libacconeer.a(acc_sensor_comm.o)
                0x0000000008007ec4                acc_sensor_reg_read
 .text.acc_sensor_reg_write
                0x0000000008007ef0       0x20 C:\Users\pbuka\TEL320\TEL320\A111\NUCLEO-L476RG_A111\cortex_m4\rss\lib\libacconeer.a(acc_sensor_comm.o)
                0x0000000008007ef0                acc_sensor_reg_write
 .text.acc_sensor_reg_field_write
                0x0000000008007f10       0x5c C:\Users\pbuka\TEL320\TEL320\A111\NUCLEO-L476RG_A111\cortex_m4\rss\lib\libacconeer.a(acc_sensor_comm.o)
                0x0000000008007f10                acc_sensor_reg_field_write
 .text.acc_sensor_conf_read_instr
                0x0000000008007f6c       0x38 C:\Users\pbuka\TEL320\TEL320\A111\NUCLEO-L476RG_A111\cortex_m4\rss\lib\libacconeer.a(acc_sensor_comm.o)
                0x0000000008007f6c                acc_sensor_conf_read_instr
 .text.acc_cpd_pll_divisors_calculate
                0x0000000008007fa4      0x1bc C:\Users\pbuka\TEL320\TEL320\A111\NUCLEO-L476RG_A111\cortex_m4\rss\lib\libacconeer.a(acc_cpd_pll_divisors.o)
                0x0000000008007fa4                acc_cpd_pll_divisors_calculate
 .text.acc_cpd_pll_divisors_ref_divisor
                0x0000000008008160       0x10 C:\Users\pbuka\TEL320\TEL320\A111\NUCLEO-L476RG_A111\cortex_m4\rss\lib\libacconeer.a(acc_cpd_pll_divisors.o)
                0x0000000008008160                acc_cpd_pll_divisors_ref_divisor
 .text.acc_dll_calculate_area_settings
                0x0000000008008170       0x58 C:\Users\pbuka\TEL320\TEL320\A111\NUCLEO-L476RG_A111\cortex_m4\rss\lib\libacconeer.a(acc_dll_area_settings.o)
                0x0000000008008170                acc_dll_calculate_area_settings
 .text.acc_utils_swap16_array
                0x00000000080081c8       0x18 C:\Users\pbuka\TEL320\TEL320\A111\NUCLEO-L476RG_A111\cortex_m4\rss\lib\libacconeer.a(acc_utils.o)
                0x00000000080081c8                acc_utils_swap16_array
 .text.acc_utils_uint32_to_transfer_buffer
                0x00000000080081e0       0x1c C:\Users\pbuka\TEL320\TEL320\A111\NUCLEO-L476RG_A111\cortex_m4\rss\lib\libacconeer.a(acc_utils.o)
                0x00000000080081e0                acc_utils_uint32_to_transfer_buffer
 .text.acc_utils_transfer_buffer_to_uint32
                0x00000000080081fc       0x24 C:\Users\pbuka\TEL320\TEL320\A111\NUCLEO-L476RG_A111\cortex_m4\rss\lib\libacconeer.a(acc_utils.o)
                0x00000000080081fc                acc_utils_transfer_buffer_to_uint32
 .text.event    0x0000000008008220       0x20 C:\Users\pbuka\TEL320\TEL320\A111\NUCLEO-L476RG_A111\cortex_m4\rss\lib\libacconeer.a(acc_element_abs.o)
 .text.reset    0x0000000008008240        0x8 C:\Users\pbuka\TEL320\TEL320\A111\NUCLEO-L476RG_A111\cortex_m4\rss\lib\libacconeer.a(acc_element_abs.o)
 .text.validate
                0x0000000008008248       0x4c C:\Users\pbuka\TEL320\TEL320\A111\NUCLEO-L476RG_A111\cortex_m4\rss\lib\libacconeer.a(acc_element_abs.o)
 .text.abs_q3_12_complex
                0x0000000008008294       0x24 C:\Users\pbuka\TEL320\TEL320\A111\NUCLEO-L476RG_A111\cortex_m4\rss\lib\libacconeer.a(acc_element_abs.o)
 .text.acc_element_abs_init
                0x00000000080082b8       0x4c C:\Users\pbuka\TEL320\TEL320\A111\NUCLEO-L476RG_A111\cortex_m4\rss\lib\libacconeer.a(acc_element_abs.o)
                0x00000000080082b8                acc_element_abs_init
 .text.event    0x0000000008008304       0x1c C:\Users\pbuka\TEL320\TEL320\A111\NUCLEO-L476RG_A111\cortex_m4\rss\lib\libacconeer.a(acc_element_centering.o)
 .text.reset    0x0000000008008320        0x8 C:\Users\pbuka\TEL320\TEL320\A111\NUCLEO-L476RG_A111\cortex_m4\rss\lib\libacconeer.a(acc_element_centering.o)
 .text.validate
                0x0000000008008328       0x4c C:\Users\pbuka\TEL320\TEL320\A111\NUCLEO-L476RG_A111\cortex_m4\rss\lib\libacconeer.a(acc_element_centering.o)
 .text.centering_q12_4
                0x0000000008008374       0x10 C:\Users\pbuka\TEL320\TEL320\A111\NUCLEO-L476RG_A111\cortex_m4\rss\lib\libacconeer.a(acc_element_centering.o)
 .text.acc_element_centering_init
                0x0000000008008384       0x38 C:\Users\pbuka\TEL320\TEL320\A111\NUCLEO-L476RG_A111\cortex_m4\rss\lib\libacconeer.a(acc_element_centering.o)
                0x0000000008008384                acc_element_centering_init
 .text.convert_q3_12_to_u16
                0x00000000080083bc       0x2c C:\Users\pbuka\TEL320\TEL320\A111\NUCLEO-L476RG_A111\cortex_m4\rss\lib\libacconeer.a(acc_element_converter.o)
 .text.convert_q3_12_complex_to_f32_complex
                0x00000000080083e8       0x5c C:\Users\pbuka\TEL320\TEL320\A111\NUCLEO-L476RG_A111\cortex_m4\rss\lib\libacconeer.a(acc_element_converter.o)
 .text.convert_q12_4_to_q3_12
                0x0000000008008444       0x30 C:\Users\pbuka\TEL320\TEL320\A111\NUCLEO-L476RG_A111\cortex_m4\rss\lib\libacconeer.a(acc_element_converter.o)
 .text.convert_q12_4_to_q3_12_complex
                0x0000000008008474       0x34 C:\Users\pbuka\TEL320\TEL320\A111\NUCLEO-L476RG_A111\cortex_m4\rss\lib\libacconeer.a(acc_element_converter.o)
 .text.event    0x00000000080084a8       0x20 C:\Users\pbuka\TEL320\TEL320\A111\NUCLEO-L476RG_A111\cortex_m4\rss\lib\libacconeer.a(acc_element_converter.o)
 .text.reset    0x00000000080084c8        0x8 C:\Users\pbuka\TEL320\TEL320\A111\NUCLEO-L476RG_A111\cortex_m4\rss\lib\libacconeer.a(acc_element_converter.o)
 .text.validate
                0x00000000080084d0       0x4c C:\Users\pbuka\TEL320\TEL320\A111\NUCLEO-L476RG_A111\cortex_m4\rss\lib\libacconeer.a(acc_element_converter.o)
 .text.acc_element_converter_init
                0x000000000800851c       0x80 C:\Users\pbuka\TEL320\TEL320\A111\NUCLEO-L476RG_A111\cortex_m4\rss\lib\libacconeer.a(acc_element_converter.o)
                0x000000000800851c                acc_element_converter_init
 .text.event    0x000000000800859c       0x10 C:\Users\pbuka\TEL320\TEL320\A111\NUCLEO-L476RG_A111\cortex_m4\rss\lib\libacconeer.a(acc_element_crop.o)
 .text.reset    0x00000000080085ac        0x8 C:\Users\pbuka\TEL320\TEL320\A111\NUCLEO-L476RG_A111\cortex_m4\rss\lib\libacconeer.a(acc_element_crop.o)
 .text.validate
                0x00000000080085b4       0x4c C:\Users\pbuka\TEL320\TEL320\A111\NUCLEO-L476RG_A111\cortex_m4\rss\lib\libacconeer.a(acc_element_crop.o)
 .text.acc_element_crop_init
                0x0000000008008600       0x2c C:\Users\pbuka\TEL320\TEL320\A111\NUCLEO-L476RG_A111\cortex_m4\rss\lib\libacconeer.a(acc_element_crop.o)
                0x0000000008008600                acc_element_crop_init
 .text.filter_no_operation
                0x000000000800862c        0x4 C:\Users\pbuka\TEL320\TEL320\A111\NUCLEO-L476RG_A111\cortex_m4\rss\lib\libacconeer.a(acc_element_depth_domain_low_pass_filter.o)
 .text.event    0x0000000008008630       0x14 C:\Users\pbuka\TEL320\TEL320\A111\NUCLEO-L476RG_A111\cortex_m4\rss\lib\libacconeer.a(acc_element_depth_domain_low_pass_filter.o)
 .text.reset    0x0000000008008644        0x8 C:\Users\pbuka\TEL320\TEL320\A111\NUCLEO-L476RG_A111\cortex_m4\rss\lib\libacconeer.a(acc_element_depth_domain_low_pass_filter.o)
 .text.filter_q3_12_complex
                0x000000000800864c       0x10 C:\Users\pbuka\TEL320\TEL320\A111\NUCLEO-L476RG_A111\cortex_m4\rss\lib\libacconeer.a(acc_element_depth_domain_low_pass_filter.o)
 .text.validate
                0x000000000800865c       0x68 C:\Users\pbuka\TEL320\TEL320\A111\NUCLEO-L476RG_A111\cortex_m4\rss\lib\libacconeer.a(acc_element_depth_domain_low_pass_filter.o)
 .text.acc_element_depth_domain_low_pass_filter_init
                0x00000000080086c4       0xc0 C:\Users\pbuka\TEL320\TEL320\A111\NUCLEO-L476RG_A111\cortex_m4\rss\lib\libacconeer.a(acc_element_depth_domain_low_pass_filter.o)
                0x00000000080086c4                acc_element_depth_domain_low_pass_filter_init
 .text.event    0x0000000008008784       0x14 C:\Users\pbuka\TEL320\TEL320\A111\NUCLEO-L476RG_A111\cortex_m4\rss\lib\libacconeer.a(acc_element_iq_mixer.o)
 .text.reset    0x0000000008008798        0x8 C:\Users\pbuka\TEL320\TEL320\A111\NUCLEO-L476RG_A111\cortex_m4\rss\lib\libacconeer.a(acc_element_iq_mixer.o)
 .text.iq_mix_q3_12
                0x00000000080087a0       0x2c C:\Users\pbuka\TEL320\TEL320\A111\NUCLEO-L476RG_A111\cortex_m4\rss\lib\libacconeer.a(acc_element_iq_mixer.o)
 .text.iq_mix_q3_12_complex
                0x00000000080087cc       0x28 C:\Users\pbuka\TEL320\TEL320\A111\NUCLEO-L476RG_A111\cortex_m4\rss\lib\libacconeer.a(acc_element_iq_mixer.o)
 .text.validate
                0x00000000080087f4       0xac C:\Users\pbuka\TEL320\TEL320\A111\NUCLEO-L476RG_A111\cortex_m4\rss\lib\libacconeer.a(acc_element_iq_mixer.o)
 .text.acc_element_iq_mixer_init
                0x00000000080088a0       0x64 C:\Users\pbuka\TEL320\TEL320\A111\NUCLEO-L476RG_A111\cortex_m4\rss\lib\libacconeer.a(acc_element_iq_mixer.o)
                0x00000000080088a0                acc_element_iq_mixer_init
 .text.noise_level_normalization_u16
                0x0000000008008904       0x44 C:\Users\pbuka\TEL320\TEL320\A111\NUCLEO-L476RG_A111\cortex_m4\rss\lib\libacconeer.a(acc_element_noise_level_normalization.o)
 .text.event    0x0000000008008948       0x1c C:\Users\pbuka\TEL320\TEL320\A111\NUCLEO-L476RG_A111\cortex_m4\rss\lib\libacconeer.a(acc_element_noise_level_normalization.o)
 .text.reset    0x0000000008008964        0x8 C:\Users\pbuka\TEL320\TEL320\A111\NUCLEO-L476RG_A111\cortex_m4\rss\lib\libacconeer.a(acc_element_noise_level_normalization.o)
 .text.validate
                0x000000000800896c       0x4c C:\Users\pbuka\TEL320\TEL320\A111\NUCLEO-L476RG_A111\cortex_m4\rss\lib\libacconeer.a(acc_element_noise_level_normalization.o)
 .text.acc_element_noise_level_normalization_init
                0x00000000080089b8       0x54 C:\Users\pbuka\TEL320\TEL320\A111\NUCLEO-L476RG_A111\cortex_m4\rss\lib\libacconeer.a(acc_element_noise_level_normalization.o)
                0x00000000080089b8                acc_element_noise_level_normalization_init
 .text.event    0x0000000008008a0c       0x14 C:\Users\pbuka\TEL320\TEL320\A111\NUCLEO-L476RG_A111\cortex_m4\rss\lib\libacconeer.a(acc_element_phase_compensation.o)
 .text.reset    0x0000000008008a20        0x8 C:\Users\pbuka\TEL320\TEL320\A111\NUCLEO-L476RG_A111\cortex_m4\rss\lib\libacconeer.a(acc_element_phase_compensation.o)
 .text.do_phase_compensation_q3_12
                0x0000000008008a28       0x6c C:\Users\pbuka\TEL320\TEL320\A111\NUCLEO-L476RG_A111\cortex_m4\rss\lib\libacconeer.a(acc_element_phase_compensation.o)
 .text.phase_compensate_q3_12_complex
                0x0000000008008a94       0x10 C:\Users\pbuka\TEL320\TEL320\A111\NUCLEO-L476RG_A111\cortex_m4\rss\lib\libacconeer.a(acc_element_phase_compensation.o)
 .text.validate
                0x0000000008008aa4       0x68 C:\Users\pbuka\TEL320\TEL320\A111\NUCLEO-L476RG_A111\cortex_m4\rss\lib\libacconeer.a(acc_element_phase_compensation.o)
 .text.acc_element_phase_compensation_init
                0x0000000008008b0c       0x80 C:\Users\pbuka\TEL320\TEL320\A111\NUCLEO-L476RG_A111\cortex_m4\rss\lib\libacconeer.a(acc_element_phase_compensation.o)
                0x0000000008008b0c                acc_element_phase_compensation_init
 .text.reset    0x0000000008008b8c        0xc C:\Users\pbuka\TEL320\TEL320\A111\NUCLEO-L476RG_A111\cortex_m4\rss\lib\libacconeer.a(acc_element_time_domain_low_pass_filter.o)
 .text.event    0x0000000008008b98       0x44 C:\Users\pbuka\TEL320\TEL320\A111\NUCLEO-L476RG_A111\cortex_m4\rss\lib\libacconeer.a(acc_element_time_domain_low_pass_filter.o)
 .text.filter_q3_12_complex
                0x0000000008008bdc       0x60 C:\Users\pbuka\TEL320\TEL320\A111\NUCLEO-L476RG_A111\cortex_m4\rss\lib\libacconeer.a(acc_element_time_domain_low_pass_filter.o)
 .text.validate
                0x0000000008008c3c       0x64 C:\Users\pbuka\TEL320\TEL320\A111\NUCLEO-L476RG_A111\cortex_m4\rss\lib\libacconeer.a(acc_element_time_domain_low_pass_filter.o)
 .text.acc_element_time_domain_low_pass_filter_init
                0x0000000008008ca0       0x50 C:\Users\pbuka\TEL320\TEL320\A111\NUCLEO-L476RG_A111\cortex_m4\rss\lib\libacconeer.a(acc_element_time_domain_low_pass_filter.o)
                0x0000000008008ca0                acc_element_time_domain_low_pass_filter_init
 .text.acc_element_source_adc_init_radar_engine
                0x0000000008008cf0       0x1c C:\Users\pbuka\TEL320\TEL320\A111\NUCLEO-L476RG_A111\cortex_m4\rss\lib\libacconeer.a(acc_element_source_adc.o)
                0x0000000008008cf0                acc_element_source_adc_init_radar_engine
 .text.acc_element_source_adc_init
                0x0000000008008d0c       0x24 C:\Users\pbuka\TEL320\TEL320\A111\NUCLEO-L476RG_A111\cortex_m4\rss\lib\libacconeer.a(acc_element_source_adc.o)
                0x0000000008008d0c                acc_element_source_adc_init
 .text.acc_element_source_adc_release
                0x0000000008008d30        0xc C:\Users\pbuka\TEL320\TEL320\A111\NUCLEO-L476RG_A111\cortex_m4\rss\lib\libacconeer.a(acc_element_source_adc.o)
                0x0000000008008d30                acc_element_source_adc_release
 .text.acc_element_source_adc_reset
                0x0000000008008d3c        0x8 C:\Users\pbuka\TEL320\TEL320\A111\NUCLEO-L476RG_A111\cortex_m4\rss\lib\libacconeer.a(acc_element_source_adc.o)
                0x0000000008008d3c                acc_element_source_adc_reset
 .text.acc_element_source_adc_validate