../Core/Src/main.c:121:10:BME280_compensate_T_int32	32	static
../Core/Src/main.c:69:5:main	232	static
../Core/Src/main.c:133:11:BME280_compensate_P_int64	336	static
../Core/Src/main.c:153:11:bme280_compensate_H_int32	24	static
../Core/Src/main.c:277:6:SystemClock_Config	96	static
../Core/Src/main.c:324:13:MX_SPI1_Init	8	static
../Core/Src/main.c:362:13:MX_USART2_UART_Init	8	static
../Core/Src/main.c:395:13:MX_GPIO_Init	48	static
../Core/Src/main.c:434:6:Error_Handler	4	static,ignoring_inline_asm
